MPLINK 4.33, Linker
Linker Map File - Created Fri Oct 30 07:57:47 2009

                                 Section Info
                  Section       Type    Address   Location Size(Bytes)
                ---------  ---------  ---------  ---------  ---------
                   .org_0       code   0x000000    program   0x000000
                   .org_1       code   0x000000    program   0x000002
                   .org_2       code   0x000004    program   0x000002
                   .org_3       code   0x000005    program   0x000048



                              Program Memory Usage 
                               Start         End      
                           ---------   ---------      
                            0x000000    0x000000      
                            0x000004    0x000028      
            38 out of 1093 program addresses used, program memory utilization is 3%



                              Symbols - Sorted by Name
                     Name    Address   Location    Storage File                     
                ---------  ---------  ---------  --------- ---------                
                   ESPERA   0x00000f    program     static E:\Jorge\PROG_PIC_NUEVOS\USANDO_DISPLAY\DISP_C_DECO\DISP_C_DECO.ASM
                   INICIO   0x000005    program     static E:\Jorge\PROG_PIC_NUEVOS\USANDO_DISPLAY\DISP_C_DECO\DISP_C_DECO.ASM
                      ISR   0x000011    program     static E:\Jorge\PROG_PIC_NUEVOS\USANDO_DISPLAY\DISP_C_DECO\DISP_C_DECO.ASM
                   PDelay   0x00001e    program     static E:\Jorge\PROG_PIC_NUEVOS\USANDO_DISPLAY\DISP_C_DECO\DISP_C_DECO.ASM
                   PLoop1   0x000020    program     static E:\Jorge\PROG_PIC_NUEVOS\USANDO_DISPLAY\DISP_C_DECO\DISP_C_DECO.ASM
                   PLoop2   0x000022    program     static E:\Jorge\PROG_PIC_NUEVOS\USANDO_DISPLAY\DISP_C_DECO\DISP_C_DECO.ASM
                    REINI   0x00001b    program     static E:\Jorge\PROG_PIC_NUEVOS\USANDO_DISPLAY\DISP_C_DECO\DISP_C_DECO.ASM



                              Symbols - Sorted by Address
                     Name    Address   Location    Storage File                     
                ---------  ---------  ---------  --------- ---------                
                   INICIO   0x000005    program     static E:\Jorge\PROG_PIC_NUEVOS\USANDO_DISPLAY\DISP_C_DECO\DISP_C_DECO.ASM
                   ESPERA   0x00000f    program     static E:\Jorge\PROG_PIC_NUEVOS\USANDO_DISPLAY\DISP_C_DECO\DISP_C_DECO.ASM
                      ISR   0x000011    program     static E:\Jorge\PROG_PIC_NUEVOS\USANDO_DISPLAY\DISP_C_DECO\DISP_C_DECO.ASM
                    REINI   0x00001b    program     static E:\Jorge\PROG_PIC_NUEVOS\USANDO_DISPLAY\DISP_C_DECO\DISP_C_DECO.ASM
                   PDelay   0x00001e    program     static E:\Jorge\PROG_PIC_NUEVOS\USANDO_DISPLAY\DISP_C_DECO\DISP_C_DECO.ASM
                   PLoop1   0x000020    program     static E:\Jorge\PROG_PIC_NUEVOS\USANDO_DISPLAY\DISP_C_DECO\DISP_C_DECO.ASM
                   PLoop2   0x000022    program     static E:\Jorge\PROG_PIC_NUEVOS\USANDO_DISPLAY\DISP_C_DECO\DISP_C_DECO.ASM


