MPLINK 4.33, Linker
Linker Map File - Created Fri Jan 04 04:47:16 1980

                                 Section Info
                  Section       Type    Address   Location Size(Bytes)
                ---------  ---------  ---------  ---------  ---------
                   .org_0       code   0x000000    program   0x000000
                   .org_1       code   0x000000    program   0x000002
                   .org_2       code   0x000005    program   0x000036



                              Program Memory Usage 
                               Start         End      
                           ---------   ---------      
                            0x000000    0x000000      
                            0x000005    0x00001f      
            28 out of 1093 program addresses used, program memory utilization is 2%



                              Symbols - Sorted by Name
                     Name    Address   Location    Storage File                     
                ---------  ---------  ---------  --------- ---------                
                    AHORA   0x00000a    program     static F:\Jorge\PROG_PIC_NUEVOS\LED_1\LED_1.ASM
                     CERO   0x000017    program     static F:\Jorge\PROG_PIC_NUEVOS\LED_1\LED_1.ASM
                      DOS   0x000013    program     static F:\Jorge\PROG_PIC_NUEVOS\LED_1\LED_1.ASM
                   INICIO   0x000005    program     static F:\Jorge\PROG_PIC_NUEVOS\LED_1\LED_1.ASM
                    RESET   0x000000    program     static F:\Jorge\PROG_PIC_NUEVOS\LED_1\LED_1.ASM
                  RETARDO   0x00000f    program     static F:\Jorge\PROG_PIC_NUEVOS\LED_1\LED_1.ASM
                     TRES   0x000011    program     static F:\Jorge\PROG_PIC_NUEVOS\LED_1\LED_1.ASM
                      UNO   0x000015    program     static F:\Jorge\PROG_PIC_NUEVOS\LED_1\LED_1.ASM



                              Symbols - Sorted by Address
                     Name    Address   Location    Storage File                     
                ---------  ---------  ---------  --------- ---------                
                    RESET   0x000000    program     static F:\Jorge\PROG_PIC_NUEVOS\LED_1\LED_1.ASM
                   INICIO   0x000005    program     static F:\Jorge\PROG_PIC_NUEVOS\LED_1\LED_1.ASM
                    AHORA   0x00000a    program     static F:\Jorge\PROG_PIC_NUEVOS\LED_1\LED_1.ASM
                  RETARDO   0x00000f    program     static F:\Jorge\PROG_PIC_NUEVOS\LED_1\LED_1.ASM
                     TRES   0x000011    program     static F:\Jorge\PROG_PIC_NUEVOS\LED_1\LED_1.ASM
                      DOS   0x000013    program     static F:\Jorge\PROG_PIC_NUEVOS\LED_1\LED_1.ASM
                      UNO   0x000015    program     static F:\Jorge\PROG_PIC_NUEVOS\LED_1\LED_1.ASM
                     CERO   0x000017    program     static F:\Jorge\PROG_PIC_NUEVOS\LED_1\LED_1.ASM


