MPASM  5.35                         LED_1.ASM   7-10-2012  12:23:39         PAGE  1


LOC  OBJECT CODE     LINE SOURCE TEXT
  VALUE

                      00001 
                      00002         
                      00003         LIST    P=16F84A
                      00004         INCLUDE "P16F84A.INC"
                      00001         LIST
                      00002 ; P16F84A.INC  Standard Header File, Version 2.00    Microchip Technology, Inc.
                      00134         LIST
                      00005 
                      00006 ;---------MAPA DE MEMORIA-------
                      00007 
                      00008         CBLOCK  0X0C
                      00009 
  0000000C            00010         REG1                    ;UTILIZANDO LA DIRECTIVA CBLOCK ASIGNO 
  0000000D            00011         REG2                    ;LOS NOMBRES A LAS POSICIONES DE MEMORIA
  0000000E            00012         REG3                    ;DE DATOOS PARA REALIZAR LOS RETARDOS
  0000000F            00013         REG4
                      00014 
                      00015         ENDC
                      00016 
                      00017 ;-------CONFIGURACION DE PUERTOS---
                      00018 
0000                  00019 RESET   ORG     0X00                    ;INDICA DONDE SE ESCRIBE LA SIGUIENTE INSTRUCCION
0000   2805           00020                 GOTO    INICIO          ;SALTA A INICIO
0005                  00021                 ORG     0X05
0005   1683           00022 INICIO  BSF             STATUS,RP0      ;SALTO AL BANCO 1
0006   3000           00023                 MOVLW   B'00000000'             ;CARGA W CON 00000000
Message[302]: Register in operand not in bank 0.  Ensure that bank bits are correct.
0007   0086           00024                 MOVWF   TRISB           ;CONFIGURA LOS PINES DE PORT B COMO SALIDA
0008   1283           00025                 BCF             STATUS,RP0      ;REGRESA AL BANCO 0
0009   0186           00026                 CLRF PORTB
                      00027 
                      00028 ;-------AQUI ENCIENDE Y APAGA EL LED-----
                      00029 
000A   1406           00030 AHORA   BSF             PORTB,0         ;PONE UN UNO EN RB0
000B   200F           00031                 CALL    RETARDO         ;LLAMA AL RETARDO
                      00032 
000C   1006           00033                 BCF             PORTB,0         ;AL REGRESAR DE RETARDO PONGO 0 A RB0
000D   200F           00034                 CALL    RETARDO         ;LLAMA A RETARDO
000E   280A           00035                 GOTO    AHORA           ;LUEGO REPITE TODO DE NUEVO
                      00036 
                      00037 ;-----RUTINA DE RETARDO----------
                      00038 
000F   3010           00039 RETARDO MOVLW   10                      ;CARGO CON 10 EN HEADEC A REG 1
0010   008C           00040                 MOVWF   REG1
                      00041 
0011   3010           00042 TRES    MOVLW   10
0012   008D           00043                 MOVWF   REG2
                      00044 
0013   3015           00045 DOS             MOVLW   15
0014   008E           00046                 MOVWF   REG3
                      00047 
0015   3020           00048 UNO             MOVLW   20
0016   008F           00049                 MOVWF   REG4
MPASM  5.35                         LED_1.ASM   7-10-2012  12:23:39         PAGE  2


LOC  OBJECT CODE     LINE SOURCE TEXT
  VALUE

                      00050 
0017   0B8F           00051 CERO    DECFSZ  REG4,1          ;COMIENZA A DECREMENTAR REG4 SI LLEGAA 0 SE SALTA UNA INSTRUCCION
0018   2817           00052                 GOTO    CERO            ;PARA DECREMENTAR REG4 HASTA CERO
0019   0B8E           00053                 DECFSZ  REG3,1          ;Cuando reg4 llegue a 0 decrementaré reg3 en una unidad
001A   2815           00054                 GOTO    UNO                     ;volveré a cargar reg4y lo decrementaré nuevamente
001B   0B8D           00055                 DECFSZ  REG2,1          ; para recién restarle otra unidad a reg3
001C   2813           00056                 GOTO    DOS                     ;así... hasta que reg2 se haga cero.
001D   0B8C           00057                 DECFSZ  REG1,1          ;todo esto ocurrirá hasta que reg1 se haga igual a cero.
001E   2811           00058                 GOTO    TRES
001F   3400           00059                 RETLW   0X0                     ;REGRESO A DONDE  SE HIZO LA LLAMADA CARGANDE W CON 0
                      00060 
                      00061 ;--------------------
                      00062 
                      00063         END             ;FIN
MPASM  5.35                         LED_1.ASM   7-10-2012  12:23:39         PAGE  3


SYMBOL TABLE
  LABEL                             VALUE 

AHORA                             0000000A
C                                 00000000
CERO                              00000017
DC                                00000001
DOS                               00000013
EEADR                             00000009
EECON1                            00000088
EECON2                            00000089
EEDATA                            00000008
EEIE                              00000006
EEIF                              00000004
F                                 00000001
FSR                               00000004
GIE                               00000007
INDF                              00000000
INICIO                            00000005
INTCON                            0000000B
INTE                              00000004
INTEDG                            00000006
INTF                              00000001
IRP                               00000007
NOT_PD                            00000003
NOT_RBPU                          00000007
NOT_TO                            00000004
OPTION_REG                        00000081
PCL                               00000002
PCLATH                            0000000A
PORTA                             00000005
PORTB                             00000006
PS0                               00000000
PS1                               00000001
PS2                               00000002
PSA                               00000003
RBIE                              00000003
RBIF                              00000000
RD                                00000000
REG1                              0000000C
REG2                              0000000D
REG3                              0000000E
REG4                              0000000F
RESET                             00000000
RETARDO                           0000000F
RP0                               00000005
RP1                               00000006
STATUS                            00000003
T0CS                              00000005
T0IE                              00000005
T0IF                              00000002
T0SE                              00000004
TMR0                              00000001
TRES                              00000011
TRISA                             00000085
TRISB                             00000086
MPASM  5.35                         LED_1.ASM   7-10-2012  12:23:39         PAGE  4


SYMBOL TABLE
  LABEL                             VALUE 

UNO                               00000015
W                                 00000000
WR                                00000001
WREN                              00000002
WRERR                             00000003
Z                                 00000002
_CP_OFF                           00003FFF
_CP_ON                            0000000F
_HS_OSC                           00003FFE
_LP_OSC                           00003FFC
_PWRTE_OFF                        00003FFF
_PWRTE_ON                         00003FF7
_RC_OSC                           00003FFF
_WDT_OFF                          00003FFB
_WDT_ON                           00003FFF
_XT_OSC                           00003FFD
__16F84A                          00000001


MEMORY USAGE MAP ('X' = Used,  '-' = Unused)

0000 : X----XXXXXXXXXXX XXXXXXXXXXXXXXXX ---------------- ----------------

All other memory blocks unused.

Program Memory Words Used:    28
Program Memory Words Free:   996


Errors   :     0
Warnings :     0 reported,     0 suppressed
Messages :     1 reported,     0 suppressed

