MPLINK 4.33, Linker
Linker Map File - Created Fri Jan 04 01:06:50 1980

                                 Section Info
                  Section       Type    Address   Location Size(Bytes)
                ---------  ---------  ---------  ---------  ---------
                   .org_0       code   0x000000    program   0x000000
                   .org_1       code   0x000000    program   0x000002
                   .org_2       code   0x000005    program   0x00000e



                              Program Memory Usage 
                               Start         End      
                           ---------   ---------      
                            0x000000    0x000000      
                            0x000005    0x00000b      
            8 out of 1093 program addresses used, program memory utilization is 0%



                              Symbols - Sorted by Name
                     Name    Address   Location    Storage File                     
                ---------  ---------  ---------  --------- ---------                
                   INICIO   0x000005    program     static F:\Jorge\PROG_PIC_NUEVOS\LED_1\Untitled.ASM
                    RESET   0x000000    program     static F:\Jorge\PROG_PIC_NUEVOS\LED_1\Untitled.ASM
                      uno   0x00000a    program     static F:\Jorge\PROG_PIC_NUEVOS\LED_1\Untitled.ASM



                              Symbols - Sorted by Address
                     Name    Address   Location    Storage File                     
                ---------  ---------  ---------  --------- ---------                
                    RESET   0x000000    program     static F:\Jorge\PROG_PIC_NUEVOS\LED_1\Untitled.ASM
                   INICIO   0x000005    program     static F:\Jorge\PROG_PIC_NUEVOS\LED_1\Untitled.ASM
                      uno   0x00000a    program     static F:\Jorge\PROG_PIC_NUEVOS\LED_1\Untitled.ASM


