MPLINK 4.33, Linker
Linker Map File - Created Fri Jan 04 01:02:56 1980

                                 Section Info
                  Section       Type    Address   Location Size(Bytes)
                ---------  ---------  ---------  ---------  ---------
                   .org_0       code   0x000000    program   0x000000
                   .org_1       code   0x000000    program   0x000002
                   .org_2       code   0x000004    program   0x0000c6



                              Program Memory Usage 
                               Start         End      
                           ---------   ---------      
                            0x000000    0x000000      
                            0x000004    0x000066      
            100 out of 1093 program addresses used, program memory utilization is 9%



                              Symbols - Sorted by Name
                     Name    Address   Location    Storage File                     
                ---------  ---------  ---------  --------- ---------                
                    BEEPa   0x000019    program     static E:\Jorge\PROG_PIC_NUEVOS\RUTINAS_LCD\MODIFICADOS\GENERANDO_SONIDO_COPY\beep.inc
                    BEEPb   0x00001a    program     static E:\Jorge\PROG_PIC_NUEVOS\RUTINAS_LCD\MODIFICADOS\GENERANDO_SONIDO_COPY\beep.inc
                  BEEPsub   0x000011    program     static E:\Jorge\PROG_PIC_NUEVOS\RUTINAS_LCD\MODIFICADOS\GENERANDO_SONIDO_COPY\beep.inc
                   B_Wait   0x000023    program     static E:\Jorge\PROG_PIC_NUEVOS\RUTINAS_LCD\MODIFICADOS\GENERANDO_SONIDO_COPY\beep.inc
                  B_Waita   0x000025    program     static E:\Jorge\PROG_PIC_NUEVOS\RUTINAS_LCD\MODIFICADOS\GENERANDO_SONIDO_COPY\beep.inc
                     Loop   0x000032    program     static E:\Jorge\PROG_PIC_NUEVOS\RUTINAS_LCD\MODIFICADOS\GENERANDO_SONIDO_COPY\SONIDO.ASM
                     Main   0x000028    program     static E:\Jorge\PROG_PIC_NUEVOS\RUTINAS_LCD\MODIFICADOS\GENERANDO_SONIDO_COPY\SONIDO.ASM
                    Play1   0x000045    program     static E:\Jorge\PROG_PIC_NUEVOS\RUTINAS_LCD\MODIFICADOS\GENERANDO_SONIDO_COPY\SONIDO.ASM
                    Play2   0x000056    program     static E:\Jorge\PROG_PIC_NUEVOS\RUTINAS_LCD\MODIFICADOS\GENERANDO_SONIDO_COPY\SONIDO.ASM
                   WAIT_x   0x000007    program     static E:\Jorge\PROG_PIC_NUEVOS\RUTINAS_LCD\MODIFICADOS\GENERANDO_SONIDO_COPY\wait.inc
                    WAITa   0x00000b    program     static E:\Jorge\PROG_PIC_NUEVOS\RUTINAS_LCD\MODIFICADOS\GENERANDO_SONIDO_COPY\wait.inc
                    WAITb   0x00000c    program     static E:\Jorge\PROG_PIC_NUEVOS\RUTINAS_LCD\MODIFICADOS\GENERANDO_SONIDO_COPY\wait.inc
                  WAITstd   0x000005    program     static E:\Jorge\PROG_PIC_NUEVOS\RUTINAS_LCD\MODIFICADOS\GENERANDO_SONIDO_COPY\wait.inc
                  _10Exit   0x00003b    program     static E:\Jorge\PROG_PIC_NUEVOS\RUTINAS_LCD\MODIFICADOS\GENERANDO_SONIDO_COPY\SONIDO.ASM
                  _10Loop   0x000036    program     static E:\Jorge\PROG_PIC_NUEVOS\RUTINAS_LCD\MODIFICADOS\GENERANDO_SONIDO_COPY\SONIDO.ASM
                  _13Exit   0x000044    program     static E:\Jorge\PROG_PIC_NUEVOS\RUTINAS_LCD\MODIFICADOS\GENERANDO_SONIDO_COPY\SONIDO.ASM
                  _13Loop   0x00003f    program     static E:\Jorge\PROG_PIC_NUEVOS\RUTINAS_LCD\MODIFICADOS\GENERANDO_SONIDO_COPY\SONIDO.ASM



                              Symbols - Sorted by Address
                     Name    Address   Location    Storage File                     
                ---------  ---------  ---------  --------- ---------                
                  WAITstd   0x000005    program     static E:\Jorge\PROG_PIC_NUEVOS\RUTINAS_LCD\MODIFICADOS\GENERANDO_SONIDO_COPY\wait.inc
                   WAIT_x   0x000007    program     static E:\Jorge\PROG_PIC_NUEVOS\RUTINAS_LCD\MODIFICADOS\GENERANDO_SONIDO_COPY\wait.inc
                    WAITa   0x00000b    program     static E:\Jorge\PROG_PIC_NUEVOS\RUTINAS_LCD\MODIFICADOS\GENERANDO_SONIDO_COPY\wait.inc
                    WAITb   0x00000c    program     static E:\Jorge\PROG_PIC_NUEVOS\RUTINAS_LCD\MODIFICADOS\GENERANDO_SONIDO_COPY\wait.inc
                  BEEPsub   0x000011    program     static E:\Jorge\PROG_PIC_NUEVOS\RUTINAS_LCD\MODIFICADOS\GENERANDO_SONIDO_COPY\beep.inc
                    BEEPa   0x000019    program     static E:\Jorge\PROG_PIC_NUEVOS\RUTINAS_LCD\MODIFICADOS\GENERANDO_SONIDO_COPY\beep.inc
                    BEEPb   0x00001a    program     static E:\Jorge\PROG_PIC_NUEVOS\RUTINAS_LCD\MODIFICADOS\GENERANDO_SONIDO_COPY\beep.inc
                   B_Wait   0x000023    program     static E:\Jorge\PROG_PIC_NUEVOS\RUTINAS_LCD\MODIFICADOS\GENERANDO_SONIDO_COPY\beep.inc
                  B_Waita   0x000025    program     static E:\Jorge\PROG_PIC_NUEVOS\RUTINAS_LCD\MODIFICADOS\GENERANDO_SONIDO_COPY\beep.inc
                     Main   0x000028    program     static E:\Jorge\PROG_PIC_NUEVOS\RUTINAS_LCD\MODIFICADOS\GENERANDO_SONIDO_COPY\SONIDO.ASM
                     Loop   0x000032    program     static E:\Jorge\PROG_PIC_NUEVOS\RUTINAS_LCD\MODIFICADOS\GENERANDO_SONIDO_COPY\SONIDO.ASM
                  _10Loop   0x000036    program     static E:\Jorge\PROG_PIC_NUEVOS\RUTINAS_LCD\MODIFICADOS\GENERANDO_SONIDO_COPY\SONIDO.ASM
                  _10Exit   0x00003b    program     static E:\Jorge\PROG_PIC_NUEVOS\RUTINAS_LCD\MODIFICADOS\GENERANDO_SONIDO_COPY\SONIDO.ASM
                  _13Loop   0x00003f    program     static E:\Jorge\PROG_PIC_NUEVOS\RUTINAS_LCD\MODIFICADOS\GENERANDO_SONIDO_COPY\SONIDO.ASM
                  _13Exit   0x000044    program     static E:\Jorge\PROG_PIC_NUEVOS\RUTINAS_LCD\MODIFICADOS\GENERANDO_SONIDO_COPY\SONIDO.ASM
                    Play1   0x000045    program     static E:\Jorge\PROG_PIC_NUEVOS\RUTINAS_LCD\MODIFICADOS\GENERANDO_SONIDO_COPY\SONIDO.ASM
                    Play2   0x000056    program     static E:\Jorge\PROG_PIC_NUEVOS\RUTINAS_LCD\MODIFICADOS\GENERANDO_SONIDO_COPY\SONIDO.ASM


