MPLINK 4.33, Linker
Linker Map File - Created Fri Jan 04 00:35:20 1980

                                 Section Info
                  Section       Type    Address   Location Size(Bytes)
                ---------  ---------  ---------  ---------  ---------
                   .org_0       code   0x000000    program   0x000000
                   .org_1       code   0x000000    program   0x000002
                   .org_2       code   0x000005    program   0x0000fc



                              Program Memory Usage 
                               Start         End      
                           ---------   ---------      
                            0x000000    0x000000      
                            0x000005    0x000082      
            127 out of 1093 program addresses used, program memory utilization is 11%



                              Symbols - Sorted by Name
                     Name    Address   Location    Storage File                     
                ---------  ---------  ---------  --------- ---------                
               DELAY_LOOP   0x00007c    program     static E:\Jorge\PROG_PIC_NUEVOS\RUTINAS_TECLADO\TECLADO_MUSICAL\TECLADO_MUSICAL.ASM
                  DELAY_V   0x000079    program     static E:\Jorge\PROG_PIC_NUEVOS\RUTINAS_TECLADO\TECLADO_MUSICAL\TECLADO_MUSICAL.ASM
                 HEX_7SEG   0x00004c    program     static E:\Jorge\PROG_PIC_NUEVOS\RUTINAS_TECLADO\TECLADO_MUSICAL\TECLADO.ASM
                   INICIO   0x00005e    program     static E:\Jorge\PROG_PIC_NUEVOS\RUTINAS_TECLADO\TECLADO_MUSICAL\TECLADO_MUSICAL.ASM
                  KEY_HEX   0x000040    program     static E:\Jorge\PROG_PIC_NUEVOS\RUTINAS_TECLADO\TECLADO_MUSICAL\TECLADO.ASM
                KEY_HEX_1   0x000049    program     static E:\Jorge\PROG_PIC_NUEVOS\RUTINAS_TECLADO\TECLADO_MUSICAL\TECLADO.ASM
                KEY_HEX_2   0x000043    program     static E:\Jorge\PROG_PIC_NUEVOS\RUTINAS_TECLADO\TECLADO_MUSICAL\TECLADO.ASM
                  KEY_OFF   0x00006f    program     static E:\Jorge\PROG_PIC_NUEVOS\RUTINAS_TECLADO\TECLADO_MUSICAL\TECLADO_MUSICAL.ASM
               KEY_OFF_NO   0x000071    program     static E:\Jorge\PROG_PIC_NUEVOS\RUTINAS_TECLADO\TECLADO_MUSICAL\TECLADO_MUSICAL.ASM
                 KEY_SCAN   0x000005    program     static E:\Jorge\PROG_PIC_NUEVOS\RUTINAS_TECLADO\TECLADO_MUSICAL\TECLADO.ASM
               KEY_SCAN_1   0x00000e    program     static E:\Jorge\PROG_PIC_NUEVOS\RUTINAS_TECLADO\TECLADO_MUSICAL\TECLADO.ASM
               KEY_SCAN_2   0x00001c    program     static E:\Jorge\PROG_PIC_NUEVOS\RUTINAS_TECLADO\TECLADO_MUSICAL\TECLADO.ASM
               KEY_SCAN_3   0x00001e    program     static E:\Jorge\PROG_PIC_NUEVOS\RUTINAS_TECLADO\TECLADO_MUSICAL\TECLADO.ASM
               KEY_SCAN_4   0x000020    program     static E:\Jorge\PROG_PIC_NUEVOS\RUTINAS_TECLADO\TECLADO_MUSICAL\TECLADO.ASM
                KEY_TABLA   0x00002e    program     static E:\Jorge\PROG_PIC_NUEVOS\RUTINAS_TECLADO\TECLADO_MUSICAL\TECLADO.ASM
                   NO_HAY   0x000062    program     static E:\Jorge\PROG_PIC_NUEVOS\RUTINAS_TECLADO\TECLADO_MUSICAL\TECLADO_MUSICAL.ASM
              TECLADO.ASM   0x000005    program     static E:\Jorge\PROG_PIC_NUEVOS\RUTINAS_TECLADO\TECLADO_MUSICAL\TECLADO.ASM
                   VOLVER   0x00002c    program     static E:\Jorge\PROG_PIC_NUEVOS\RUTINAS_TECLADO\TECLADO_MUSICAL\TECLADO.ASM



                              Symbols - Sorted by Address
                     Name    Address   Location    Storage File                     
                ---------  ---------  ---------  --------- ---------                
              TECLADO.ASM   0x000005    program     static E:\Jorge\PROG_PIC_NUEVOS\RUTINAS_TECLADO\TECLADO_MUSICAL\TECLADO.ASM
                 KEY_SCAN   0x000005    program     static E:\Jorge\PROG_PIC_NUEVOS\RUTINAS_TECLADO\TECLADO_MUSICAL\TECLADO.ASM
               KEY_SCAN_1   0x00000e    program     static E:\Jorge\PROG_PIC_NUEVOS\RUTINAS_TECLADO\TECLADO_MUSICAL\TECLADO.ASM
               KEY_SCAN_2   0x00001c    program     static E:\Jorge\PROG_PIC_NUEVOS\RUTINAS_TECLADO\TECLADO_MUSICAL\TECLADO.ASM
               KEY_SCAN_3   0x00001e    program     static E:\Jorge\PROG_PIC_NUEVOS\RUTINAS_TECLADO\TECLADO_MUSICAL\TECLADO.ASM
               KEY_SCAN_4   0x000020    program     static E:\Jorge\PROG_PIC_NUEVOS\RUTINAS_TECLADO\TECLADO_MUSICAL\TECLADO.ASM
                   VOLVER   0x00002c    program     static E:\Jorge\PROG_PIC_NUEVOS\RUTINAS_TECLADO\TECLADO_MUSICAL\TECLADO.ASM
                KEY_TABLA   0x00002e    program     static E:\Jorge\PROG_PIC_NUEVOS\RUTINAS_TECLADO\TECLADO_MUSICAL\TECLADO.ASM
                  KEY_HEX   0x000040    program     static E:\Jorge\PROG_PIC_NUEVOS\RUTINAS_TECLADO\TECLADO_MUSICAL\TECLADO.ASM
                KEY_HEX_2   0x000043    program     static E:\Jorge\PROG_PIC_NUEVOS\RUTINAS_TECLADO\TECLADO_MUSICAL\TECLADO.ASM
                KEY_HEX_1   0x000049    program     static E:\Jorge\PROG_PIC_NUEVOS\RUTINAS_TECLADO\TECLADO_MUSICAL\TECLADO.ASM
                 HEX_7SEG   0x00004c    program     static E:\Jorge\PROG_PIC_NUEVOS\RUTINAS_TECLADO\TECLADO_MUSICAL\TECLADO.ASM
                   INICIO   0x00005e    program     static E:\Jorge\PROG_PIC_NUEVOS\RUTINAS_TECLADO\TECLADO_MUSICAL\TECLADO_MUSICAL.ASM
                   NO_HAY   0x000062    program     static E:\Jorge\PROG_PIC_NUEVOS\RUTINAS_TECLADO\TECLADO_MUSICAL\TECLADO_MUSICAL.ASM
                  KEY_OFF   0x00006f    program     static E:\Jorge\PROG_PIC_NUEVOS\RUTINAS_TECLADO\TECLADO_MUSICAL\TECLADO_MUSICAL.ASM
               KEY_OFF_NO   0x000071    program     static E:\Jorge\PROG_PIC_NUEVOS\RUTINAS_TECLADO\TECLADO_MUSICAL\TECLADO_MUSICAL.ASM
                  DELAY_V   0x000079    program     static E:\Jorge\PROG_PIC_NUEVOS\RUTINAS_TECLADO\TECLADO_MUSICAL\TECLADO_MUSICAL.ASM
               DELAY_LOOP   0x00007c    program     static E:\Jorge\PROG_PIC_NUEVOS\RUTINAS_TECLADO\TECLADO_MUSICAL\TECLADO_MUSICAL.ASM


