MPLINK 4.33, Linker
Linker Map File - Created Sun Oct 18 09:45:37 2009

                                 Section Info
                  Section       Type    Address   Location Size(Bytes)
                ---------  ---------  ---------  ---------  ---------
                   .org_0       code   0x000000    program   0x000000
                   .org_1       code   0x000000    program   0x000002
                   .org_2       code   0x000005    program   0x00002a



                              Program Memory Usage 
                               Start         End      
                           ---------   ---------      
                            0x000000    0x000000      
                            0x000005    0x000019      
            22 out of 1093 program addresses used, program memory utilization is 2%



                              Symbols - Sorted by Name
                     Name    Address   Location    Storage File                     
                ---------  ---------  ---------  --------- ---------                
                   INICIO   0x000005    program     static E:\Jorge\PROG_PIC_NUEVOS\SEÑAL_ENTRADA\SEÑAL_ENTRADA.ASM
                      LED   0x000010    program     static E:\Jorge\PROG_PIC_NUEVOS\SEÑAL_ENTRADA\SEÑAL_ENTRADA.ASM
                    LIBRE   0x000017    program     static E:\Jorge\PROG_PIC_NUEVOS\SEÑAL_ENTRADA\SEÑAL_ENTRADA.ASM
                   ON_LED   0x000015    program     static E:\Jorge\PROG_PIC_NUEVOS\SEÑAL_ENTRADA\SEÑAL_ENTRADA.ASM
                    RESET   0x000000    program     static E:\Jorge\PROG_PIC_NUEVOS\SEÑAL_ENTRADA\SEÑAL_ENTRADA.ASM
                     TEST   0x00000d    program     static E:\Jorge\PROG_PIC_NUEVOS\SEÑAL_ENTRADA\SEÑAL_ENTRADA.ASM



                              Symbols - Sorted by Address
                     Name    Address   Location    Storage File                     
                ---------  ---------  ---------  --------- ---------                
                    RESET   0x000000    program     static E:\Jorge\PROG_PIC_NUEVOS\SEÑAL_ENTRADA\SEÑAL_ENTRADA.ASM
                   INICIO   0x000005    program     static E:\Jorge\PROG_PIC_NUEVOS\SEÑAL_ENTRADA\SEÑAL_ENTRADA.ASM
                     TEST   0x00000d    program     static E:\Jorge\PROG_PIC_NUEVOS\SEÑAL_ENTRADA\SEÑAL_ENTRADA.ASM
                      LED   0x000010    program     static E:\Jorge\PROG_PIC_NUEVOS\SEÑAL_ENTRADA\SEÑAL_ENTRADA.ASM
                   ON_LED   0x000015    program     static E:\Jorge\PROG_PIC_NUEVOS\SEÑAL_ENTRADA\SEÑAL_ENTRADA.ASM
                    LIBRE   0x000017    program     static E:\Jorge\PROG_PIC_NUEVOS\SEÑAL_ENTRADA\SEÑAL_ENTRADA.ASM


