MPLINK 4.33, Linker
Linker Map File - Created Fri Jan 04 04:18:22 1980

                                 Section Info
                  Section       Type    Address   Location Size(Bytes)
                ---------  ---------  ---------  ---------  ---------
                   .org_0       code   0x000000    program   0x000000
                   .org_1       code   0x000000    program   0x000002
                   .org_2       code   0x000005    program   0x00003c



                              Program Memory Usage 
                               Start         End      
                           ---------   ---------      
                            0x000000    0x000000      
                            0x000005    0x000022      
            31 out of 1093 program addresses used, program memory utilization is 2%



                              Symbols - Sorted by Name
                     Name    Address   Location    Storage File                     
                ---------  ---------  ---------  --------- ---------                
                    AHORA   0x000009    program     static F:\Jorge\PROG_PIC_NUEVOS\LED_4\LED_4.ASM
                     CERO   0x00001a    program     static F:\Jorge\PROG_PIC_NUEVOS\LED_4\LED_4.ASM
                      DOS   0x000016    program     static F:\Jorge\PROG_PIC_NUEVOS\LED_4\LED_4.ASM
                   INICIO   0x000005    program     static F:\Jorge\PROG_PIC_NUEVOS\LED_4\LED_4.ASM
                    RESET   0x000000    program     static F:\Jorge\PROG_PIC_NUEVOS\LED_4\LED_4.ASM
                  RETARDO   0x000012    program     static F:\Jorge\PROG_PIC_NUEVOS\LED_4\LED_4.ASM
                  ROTANDO   0x00000b    program     static F:\Jorge\PROG_PIC_NUEVOS\LED_4\LED_4.ASM
                     TRES   0x000014    program     static F:\Jorge\PROG_PIC_NUEVOS\LED_4\LED_4.ASM
                      UNO   0x000018    program     static F:\Jorge\PROG_PIC_NUEVOS\LED_4\LED_4.ASM



                              Symbols - Sorted by Address
                     Name    Address   Location    Storage File                     
                ---------  ---------  ---------  --------- ---------                
                    RESET   0x000000    program     static F:\Jorge\PROG_PIC_NUEVOS\LED_4\LED_4.ASM
                   INICIO   0x000005    program     static F:\Jorge\PROG_PIC_NUEVOS\LED_4\LED_4.ASM
                    AHORA   0x000009    program     static F:\Jorge\PROG_PIC_NUEVOS\LED_4\LED_4.ASM
                  ROTANDO   0x00000b    program     static F:\Jorge\PROG_PIC_NUEVOS\LED_4\LED_4.ASM
                  RETARDO   0x000012    program     static F:\Jorge\PROG_PIC_NUEVOS\LED_4\LED_4.ASM
                     TRES   0x000014    program     static F:\Jorge\PROG_PIC_NUEVOS\LED_4\LED_4.ASM
                      DOS   0x000016    program     static F:\Jorge\PROG_PIC_NUEVOS\LED_4\LED_4.ASM
                      UNO   0x000018    program     static F:\Jorge\PROG_PIC_NUEVOS\LED_4\LED_4.ASM
                     CERO   0x00001a    program     static F:\Jorge\PROG_PIC_NUEVOS\LED_4\LED_4.ASM


