MPLINK 4.33, Linker
Linker Map File - Created Tue Dec 15 11:36:14 2009

                                 Section Info
                  Section       Type    Address   Location Size(Bytes)
                ---------  ---------  ---------  ---------  ---------
                   .org_0       code   0x000000    program   0x000000
                   .org_1       code   0x000000    program   0x000002
                   .org_2       code   0x000004    program   0x0000f0
                   .org_3       code   0x000080    program   0x00043a



                              Program Memory Usage 
                               Start         End      
                           ---------   ---------      
                            0x000000    0x000000      
                            0x000004    0x00007b      
                            0x000080    0x00029c      
            662 out of 1093 program addresses used, program memory utilization is 60%



                              Symbols - Sorted by Name
                     Name    Address   Location    Storage File                     
                ---------  ---------  ---------  --------- ---------                
                   PDelL1   0x000294    program     static E:\Jorge\PROG_PIC_NUEVOS\RUTINAS_LCD\MODIFICADOS\PIC Doorbell_COPY\dorbell.asm
                   PDelL2   0x000295    program     static E:\Jorge\PROG_PIC_NUEVOS\RUTINAS_LCD\MODIFICADOS\PIC Doorbell_COPY\dorbell.asm
                   PDelL3   0x000299    program     static E:\Jorge\PROG_PIC_NUEVOS\RUTINAS_LCD\MODIFICADOS\PIC Doorbell_COPY\dorbell.asm
                   PDelL4   0x00029a    program     static E:\Jorge\PROG_PIC_NUEVOS\RUTINAS_LCD\MODIFICADOS\PIC Doorbell_COPY\dorbell.asm
                   PDelL5   0x00029b    program     static E:\Jorge\PROG_PIC_NUEVOS\RUTINAS_LCD\MODIFICADOS\PIC Doorbell_COPY\dorbell.asm
                   PDelay   0x00028f    program     static E:\Jorge\PROG_PIC_NUEVOS\RUTINAS_LCD\MODIFICADOS\PIC Doorbell_COPY\dorbell.asm
                   PLoop1   0x000291    program     static E:\Jorge\PROG_PIC_NUEVOS\RUTINAS_LCD\MODIFICADOS\PIC Doorbell_COPY\dorbell.asm
                   PLoop2   0x000293    program     static E:\Jorge\PROG_PIC_NUEVOS\RUTINAS_LCD\MODIFICADOS\PIC Doorbell_COPY\dorbell.asm
               entrypoint   0x000000    program     static E:\Jorge\PROG_PIC_NUEVOS\RUTINAS_LCD\MODIFICADOS\PIC Doorbell_COPY\dorbell.asm
              gettunedata   0x000048    program     static E:\Jorge\PROG_PIC_NUEVOS\RUTINAS_LCD\MODIFICADOS\PIC Doorbell_COPY\dorbell.asm
               initialise   0x000005    program     static E:\Jorge\PROG_PIC_NUEVOS\RUTINAS_LCD\MODIFICADOS\PIC Doorbell_COPY\dorbell.asm
                intvector   0x000004    program     static E:\Jorge\PROG_PIC_NUEVOS\RUTINAS_LCD\MODIFICADOS\PIC Doorbell_COPY\dorbell.asm
                    loop1   0x00003a    program     static E:\Jorge\PROG_PIC_NUEVOS\RUTINAS_LCD\MODIFICADOS\PIC Doorbell_COPY\dorbell.asm
                    loop2   0x00003c    program     static E:\Jorge\PROG_PIC_NUEVOS\RUTINAS_LCD\MODIFICADOS\PIC Doorbell_COPY\dorbell.asm
               pitchtable   0x00004c    program     static E:\Jorge\PROG_PIC_NUEVOS\RUTINAS_LCD\MODIFICADOS\PIC Doorbell_COPY\dorbell.asm
                 playnote   0x00002e    program     static E:\Jorge\PROG_PIC_NUEVOS\RUTINAS_LCD\MODIFICADOS\PIC Doorbell_COPY\dorbell.asm
                 playtune   0x000027    program     static E:\Jorge\PROG_PIC_NUEVOS\RUTINAS_LCD\MODIFICADOS\PIC Doorbell_COPY\dorbell.asm
                playtune0   0x000015    program     static E:\Jorge\PROG_PIC_NUEVOS\RUTINAS_LCD\MODIFICADOS\PIC Doorbell_COPY\dorbell.asm
                playtune1   0x00001e    program     static E:\Jorge\PROG_PIC_NUEVOS\RUTINAS_LCD\MODIFICADOS\PIC Doorbell_COPY\dorbell.asm
                 playwait   0x000038    program     static E:\Jorge\PROG_PIC_NUEVOS\RUTINAS_LCD\MODIFICADOS\PIC Doorbell_COPY\dorbell.asm
                   toggle   0x000073    program     static E:\Jorge\PROG_PIC_NUEVOS\RUTINAS_LCD\MODIFICADOS\PIC Doorbell_COPY\dorbell.asm
                    tune0   0x000080    program     static E:\Jorge\PROG_PIC_NUEVOS\RUTINAS_LCD\MODIFICADOS\PIC Doorbell_COPY\dorbell.asm
                    tune1   0x000142    program     static E:\Jorge\PROG_PIC_NUEVOS\RUTINAS_LCD\MODIFICADOS\PIC Doorbell_COPY\dorbell.asm
                     wait   0x00000f    program     static E:\Jorge\PROG_PIC_NUEVOS\RUTINAS_LCD\MODIFICADOS\PIC Doorbell_COPY\dorbell.asm
                    wloop   0x000010    program     static E:\Jorge\PROG_PIC_NUEVOS\RUTINAS_LCD\MODIFICADOS\PIC Doorbell_COPY\dorbell.asm



                              Symbols - Sorted by Address
                     Name    Address   Location    Storage File                     
                ---------  ---------  ---------  --------- ---------                
               entrypoint   0x000000    program     static E:\Jorge\PROG_PIC_NUEVOS\RUTINAS_LCD\MODIFICADOS\PIC Doorbell_COPY\dorbell.asm
                intvector   0x000004    program     static E:\Jorge\PROG_PIC_NUEVOS\RUTINAS_LCD\MODIFICADOS\PIC Doorbell_COPY\dorbell.asm
               initialise   0x000005    program     static E:\Jorge\PROG_PIC_NUEVOS\RUTINAS_LCD\MODIFICADOS\PIC Doorbell_COPY\dorbell.asm
                     wait   0x00000f    program     static E:\Jorge\PROG_PIC_NUEVOS\RUTINAS_LCD\MODIFICADOS\PIC Doorbell_COPY\dorbell.asm
                    wloop   0x000010    program     static E:\Jorge\PROG_PIC_NUEVOS\RUTINAS_LCD\MODIFICADOS\PIC Doorbell_COPY\dorbell.asm
                playtune0   0x000015    program     static E:\Jorge\PROG_PIC_NUEVOS\RUTINAS_LCD\MODIFICADOS\PIC Doorbell_COPY\dorbell.asm
                playtune1   0x00001e    program     static E:\Jorge\PROG_PIC_NUEVOS\RUTINAS_LCD\MODIFICADOS\PIC Doorbell_COPY\dorbell.asm
                 playtune   0x000027    program     static E:\Jorge\PROG_PIC_NUEVOS\RUTINAS_LCD\MODIFICADOS\PIC Doorbell_COPY\dorbell.asm
                 playnote   0x00002e    program     static E:\Jorge\PROG_PIC_NUEVOS\RUTINAS_LCD\MODIFICADOS\PIC Doorbell_COPY\dorbell.asm
                 playwait   0x000038    program     static E:\Jorge\PROG_PIC_NUEVOS\RUTINAS_LCD\MODIFICADOS\PIC Doorbell_COPY\dorbell.asm
                    loop1   0x00003a    program     static E:\Jorge\PROG_PIC_NUEVOS\RUTINAS_LCD\MODIFICADOS\PIC Doorbell_COPY\dorbell.asm
                    loop2   0x00003c    program     static E:\Jorge\PROG_PIC_NUEVOS\RUTINAS_LCD\MODIFICADOS\PIC Doorbell_COPY\dorbell.asm
              gettunedata   0x000048    program     static E:\Jorge\PROG_PIC_NUEVOS\RUTINAS_LCD\MODIFICADOS\PIC Doorbell_COPY\dorbell.asm
               pitchtable   0x00004c    program     static E:\Jorge\PROG_PIC_NUEVOS\RUTINAS_LCD\MODIFICADOS\PIC Doorbell_COPY\dorbell.asm
                   toggle   0x000073    program     static E:\Jorge\PROG_PIC_NUEVOS\RUTINAS_LCD\MODIFICADOS\PIC Doorbell_COPY\dorbell.asm
                    tune0   0x000080    program     static E:\Jorge\PROG_PIC_NUEVOS\RUTINAS_LCD\MODIFICADOS\PIC Doorbell_COPY\dorbell.asm
                    tune1   0x000142    program     static E:\Jorge\PROG_PIC_NUEVOS\RUTINAS_LCD\MODIFICADOS\PIC Doorbell_COPY\dorbell.asm
                   PDelay   0x00028f    program     static E:\Jorge\PROG_PIC_NUEVOS\RUTINAS_LCD\MODIFICADOS\PIC Doorbell_COPY\dorbell.asm
                   PLoop1   0x000291    program     static E:\Jorge\PROG_PIC_NUEVOS\RUTINAS_LCD\MODIFICADOS\PIC Doorbell_COPY\dorbell.asm
                   PLoop2   0x000293    program     static E:\Jorge\PROG_PIC_NUEVOS\RUTINAS_LCD\MODIFICADOS\PIC Doorbell_COPY\dorbell.asm
                   PDelL1   0x000294    program     static E:\Jorge\PROG_PIC_NUEVOS\RUTINAS_LCD\MODIFICADOS\PIC Doorbell_COPY\dorbell.asm
                   PDelL2   0x000295    program     static E:\Jorge\PROG_PIC_NUEVOS\RUTINAS_LCD\MODIFICADOS\PIC Doorbell_COPY\dorbell.asm
                   PDelL3   0x000299    program     static E:\Jorge\PROG_PIC_NUEVOS\RUTINAS_LCD\MODIFICADOS\PIC Doorbell_COPY\dorbell.asm
                   PDelL4   0x00029a    program     static E:\Jorge\PROG_PIC_NUEVOS\RUTINAS_LCD\MODIFICADOS\PIC Doorbell_COPY\dorbell.asm
                   PDelL5   0x00029b    program     static E:\Jorge\PROG_PIC_NUEVOS\RUTINAS_LCD\MODIFICADOS\PIC Doorbell_COPY\dorbell.asm


