MPLINK 4.33, Linker
Linker Map File - Created Thu Oct 29 08:58:30 2009

                                 Section Info
                  Section       Type    Address   Location Size(Bytes)
                ---------  ---------  ---------  ---------  ---------
                   .org_0       code   0x000000    program   0x000000
                   .org_1       code   0x000000    program   0x000002
                   .org_2       code   0x000004    program   0x000002
                   .org_3       code   0x000005    program   0x000072



                              Program Memory Usage 
                               Start         End      
                           ---------   ---------      
                            0x000000    0x000000      
                            0x000004    0x00003d      
            59 out of 1093 program addresses used, program memory utilization is 5%



                              Symbols - Sorted by Name
                     Name    Address   Location    Storage File                     
                ---------  ---------  ---------  --------- ---------                
                    AHORA   0x000012    program     static E:\Jorge\PROG_PIC_NUEVOS\RB0_INT\RB0_INT_LED_1\RB0_INT_LED_1.ASM
                     CERO   0x00001f    program     static E:\Jorge\PROG_PIC_NUEVOS\RB0_INT\RB0_INT_LED_1\RB0_INT_LED_1.ASM
              CLRF_SWITCH   0x000030    program     static E:\Jorge\PROG_PIC_NUEVOS\RB0_INT\RB0_INT_LED_1\RB0_INT_LED_1.ASM
                      DOS   0x00001b    program     static E:\Jorge\PROG_PIC_NUEVOS\RB0_INT\RB0_INT_LED_1\RB0_INT_LED_1.ASM
                   INICIO   0x000005    program     static E:\Jorge\PROG_PIC_NUEVOS\RB0_INT\RB0_INT_LED_1\RB0_INT_LED_1.ASM
                      ISR   0x000028    program     static E:\Jorge\PROG_PIC_NUEVOS\RB0_INT\RB0_INT_LED_1\RB0_INT_LED_1.ASM
                    LED_1   0x000012    program     static E:\Jorge\PROG_PIC_NUEVOS\RB0_INT\RB0_INT_LED_1\RB0_INT_LED_1.ASM
                   PDelay   0x000033    program     static E:\Jorge\PROG_PIC_NUEVOS\RB0_INT\RB0_INT_LED_1\RB0_INT_LED_1.ASM
                   PLoop1   0x000035    program     static E:\Jorge\PROG_PIC_NUEVOS\RB0_INT\RB0_INT_LED_1\RB0_INT_LED_1.ASM
                   PLoop2   0x000037    program     static E:\Jorge\PROG_PIC_NUEVOS\RB0_INT\RB0_INT_LED_1\RB0_INT_LED_1.ASM
                  RETARDO   0x000017    program     static E:\Jorge\PROG_PIC_NUEVOS\RB0_INT\RB0_INT_LED_1\RB0_INT_LED_1.ASM
                    SUEÑO   0x00000e    program     static E:\Jorge\PROG_PIC_NUEVOS\RB0_INT\RB0_INT_LED_1\RB0_INT_LED_1.ASM
                     TRES   0x000019    program     static E:\Jorge\PROG_PIC_NUEVOS\RB0_INT\RB0_INT_LED_1\RB0_INT_LED_1.ASM
                      UNO   0x00001d    program     static E:\Jorge\PROG_PIC_NUEVOS\RB0_INT\RB0_INT_LED_1\RB0_INT_LED_1.ASM
                      VER   0x00000f    program     static E:\Jorge\PROG_PIC_NUEVOS\RB0_INT\RB0_INT_LED_1\RB0_INT_LED_1.ASM



                              Symbols - Sorted by Address
                     Name    Address   Location    Storage File                     
                ---------  ---------  ---------  --------- ---------                
                   INICIO   0x000005    program     static E:\Jorge\PROG_PIC_NUEVOS\RB0_INT\RB0_INT_LED_1\RB0_INT_LED_1.ASM
                    SUEÑO   0x00000e    program     static E:\Jorge\PROG_PIC_NUEVOS\RB0_INT\RB0_INT_LED_1\RB0_INT_LED_1.ASM
                      VER   0x00000f    program     static E:\Jorge\PROG_PIC_NUEVOS\RB0_INT\RB0_INT_LED_1\RB0_INT_LED_1.ASM
                    AHORA   0x000012    program     static E:\Jorge\PROG_PIC_NUEVOS\RB0_INT\RB0_INT_LED_1\RB0_INT_LED_1.ASM
                    LED_1   0x000012    program     static E:\Jorge\PROG_PIC_NUEVOS\RB0_INT\RB0_INT_LED_1\RB0_INT_LED_1.ASM
                  RETARDO   0x000017    program     static E:\Jorge\PROG_PIC_NUEVOS\RB0_INT\RB0_INT_LED_1\RB0_INT_LED_1.ASM
                     TRES   0x000019    program     static E:\Jorge\PROG_PIC_NUEVOS\RB0_INT\RB0_INT_LED_1\RB0_INT_LED_1.ASM
                      DOS   0x00001b    program     static E:\Jorge\PROG_PIC_NUEVOS\RB0_INT\RB0_INT_LED_1\RB0_INT_LED_1.ASM
                      UNO   0x00001d    program     static E:\Jorge\PROG_PIC_NUEVOS\RB0_INT\RB0_INT_LED_1\RB0_INT_LED_1.ASM
                     CERO   0x00001f    program     static E:\Jorge\PROG_PIC_NUEVOS\RB0_INT\RB0_INT_LED_1\RB0_INT_LED_1.ASM
                      ISR   0x000028    program     static E:\Jorge\PROG_PIC_NUEVOS\RB0_INT\RB0_INT_LED_1\RB0_INT_LED_1.ASM
              CLRF_SWITCH   0x000030    program     static E:\Jorge\PROG_PIC_NUEVOS\RB0_INT\RB0_INT_LED_1\RB0_INT_LED_1.ASM
                   PDelay   0x000033    program     static E:\Jorge\PROG_PIC_NUEVOS\RB0_INT\RB0_INT_LED_1\RB0_INT_LED_1.ASM
                   PLoop1   0x000035    program     static E:\Jorge\PROG_PIC_NUEVOS\RB0_INT\RB0_INT_LED_1\RB0_INT_LED_1.ASM
                   PLoop2   0x000037    program     static E:\Jorge\PROG_PIC_NUEVOS\RB0_INT\RB0_INT_LED_1\RB0_INT_LED_1.ASM


