MPLINK 4.33, Linker
Linker Map File - Created Thu Oct 29 08:59:23 2009

                                 Section Info
                  Section       Type    Address   Location Size(Bytes)
                ---------  ---------  ---------  ---------  ---------
                   .org_0       code   0x000000    program   0x000000
                   .org_1       code   0x000000    program   0x000002
                   .org_2       code   0x000004    program   0x000002
                   .org_3       code   0x000005    program   0x000046



                              Program Memory Usage 
                               Start         End      
                           ---------   ---------      
                            0x000000    0x000000      
                            0x000004    0x000027      
            37 out of 1093 program addresses used, program memory utilization is 3%



                              Symbols - Sorted by Name
                     Name    Address   Location    Storage File                     
                ---------  ---------  ---------  --------- ---------                
                   INICIO   0x000005    program     static E:\Jorge\PROG_PIC_NUEVOS\RB0_INT\RB0_INT.ASM
                      ISR   0x000012    program     static E:\Jorge\PROG_PIC_NUEVOS\RB0_INT\RB0_INT.ASM
                  OFF_LED   0x00001a    program     static E:\Jorge\PROG_PIC_NUEVOS\RB0_INT\RB0_INT.ASM
                   PDelay   0x00001d    program     static E:\Jorge\PROG_PIC_NUEVOS\RB0_INT\RB0_INT.ASM
                   PLoop1   0x00001f    program     static E:\Jorge\PROG_PIC_NUEVOS\RB0_INT\RB0_INT.ASM
                   PLoop2   0x000021    program     static E:\Jorge\PROG_PIC_NUEVOS\RB0_INT\RB0_INT.ASM
                    SUEÑO   0x00000d    program     static E:\Jorge\PROG_PIC_NUEVOS\RB0_INT\RB0_INT.ASM



                              Symbols - Sorted by Address
                     Name    Address   Location    Storage File                     
                ---------  ---------  ---------  --------- ---------                
                   INICIO   0x000005    program     static E:\Jorge\PROG_PIC_NUEVOS\RB0_INT\RB0_INT.ASM
                    SUEÑO   0x00000d    program     static E:\Jorge\PROG_PIC_NUEVOS\RB0_INT\RB0_INT.ASM
                      ISR   0x000012    program     static E:\Jorge\PROG_PIC_NUEVOS\RB0_INT\RB0_INT.ASM
                  OFF_LED   0x00001a    program     static E:\Jorge\PROG_PIC_NUEVOS\RB0_INT\RB0_INT.ASM
                   PDelay   0x00001d    program     static E:\Jorge\PROG_PIC_NUEVOS\RB0_INT\RB0_INT.ASM
                   PLoop1   0x00001f    program     static E:\Jorge\PROG_PIC_NUEVOS\RB0_INT\RB0_INT.ASM
                   PLoop2   0x000021    program     static E:\Jorge\PROG_PIC_NUEVOS\RB0_INT\RB0_INT.ASM


