MPLINK 4.33, Linker
Linker Map File - Created Sun Dec 20 19:26:36 2009

                                 Section Info
                  Section       Type    Address   Location Size(Bytes)
                ---------  ---------  ---------  ---------  ---------
                   .org_0       code   0x000000    program   0x000000
                   .org_1       code   0x000000    program   0x000144
.config_2007_DECO_SONY_COPY_3.O       code   0x002007    program   0x000002



                              Program Memory Usage 
                               Start         End      
                           ---------   ---------      
                            0x000000    0x0000a1      
                            0x002007    0x002007      
            163 out of 1093 program addresses used, program memory utilization is 14%



                              Symbols - Sorted by Name
                     Name    Address   Location    Storage File                     
                ---------  ---------  ---------  --------- ---------                
                 Analizar   0x000090    program     static E:\Jorge\PROG_PIC_NUEVOS\DECO_SONY\DECO_SONY_COPY_3.ASM
                    Delay   0x000001    program     static E:\Jorge\PROG_PIC_NUEVOS\DECO_SONY\DECO_SONY_COPY_3.ASM
                  GetaBit   0x000035    program     static E:\Jorge\PROG_PIC_NUEVOS\DECO_SONY\DECO_SONY_COPY_3.ASM
                 GetaByte   0x000009    program     static E:\Jorge\PROG_PIC_NUEVOS\DECO_SONY\DECO_SONY_COPY_3.ASM
                 HdrCheck   0x000050    program     static E:\Jorge\PROG_PIC_NUEVOS\DECO_SONY\DECO_SONY_COPY_3.ASM
               Poner_cero   0x000094    program     static E:\Jorge\PROG_PIC_NUEVOS\DECO_SONY\DECO_SONY_COPY_3.ASM
                Poner_uno   0x00009a    program     static E:\Jorge\PROG_PIC_NUEVOS\DECO_SONY\DECO_SONY_COPY_3.ASM
                       b1   0x000036    program     static E:\Jorge\PROG_PIC_NUEVOS\DECO_SONY\DECO_SONY_COPY_3.ASM
                       b2   0x000042    program     static E:\Jorge\PROG_PIC_NUEVOS\DECO_SONY\DECO_SONY_COPY_3.ASM
                       d1   0x000002    program     static E:\Jorge\PROG_PIC_NUEVOS\DECO_SONY\DECO_SONY_COPY_3.ASM
                      gb1   0x00000d    program     static E:\Jorge\PROG_PIC_NUEVOS\DECO_SONY\DECO_SONY_COPY_3.ASM
                      gb2   0x00001e    program     static E:\Jorge\PROG_PIC_NUEVOS\DECO_SONY\DECO_SONY_COPY_3.ASM
                      gb3   0x000026    program     static E:\Jorge\PROG_PIC_NUEVOS\DECO_SONY\DECO_SONY_COPY_3.ASM
                      gb4   0x00002b    program     static E:\Jorge\PROG_PIC_NUEVOS\DECO_SONY\DECO_SONY_COPY_3.ASM
                      hc1   0x000051    program     static E:\Jorge\PROG_PIC_NUEVOS\DECO_SONY\DECO_SONY_COPY_3.ASM
                      hc2   0x000062    program     static E:\Jorge\PROG_PIC_NUEVOS\DECO_SONY\DECO_SONY_COPY_3.ASM
                     init   0x000065    program     static E:\Jorge\PROG_PIC_NUEVOS\DECO_SONY\DECO_SONY_COPY_3.ASM
                     main   0x00006e    program     static E:\Jorge\PROG_PIC_NUEVOS\DECO_SONY\DECO_SONY_COPY_3.ASM
                    main2   0x0000a0    program     static E:\Jorge\PROG_PIC_NUEVOS\DECO_SONY\DECO_SONY_COPY_3.ASM



                              Symbols - Sorted by Address
                     Name    Address   Location    Storage File                     
                ---------  ---------  ---------  --------- ---------                
                    Delay   0x000001    program     static E:\Jorge\PROG_PIC_NUEVOS\DECO_SONY\DECO_SONY_COPY_3.ASM
                       d1   0x000002    program     static E:\Jorge\PROG_PIC_NUEVOS\DECO_SONY\DECO_SONY_COPY_3.ASM
                 GetaByte   0x000009    program     static E:\Jorge\PROG_PIC_NUEVOS\DECO_SONY\DECO_SONY_COPY_3.ASM
                      gb1   0x00000d    program     static E:\Jorge\PROG_PIC_NUEVOS\DECO_SONY\DECO_SONY_COPY_3.ASM
                      gb2   0x00001e    program     static E:\Jorge\PROG_PIC_NUEVOS\DECO_SONY\DECO_SONY_COPY_3.ASM
                      gb3   0x000026    program     static E:\Jorge\PROG_PIC_NUEVOS\DECO_SONY\DECO_SONY_COPY_3.ASM
                      gb4   0x00002b    program     static E:\Jorge\PROG_PIC_NUEVOS\DECO_SONY\DECO_SONY_COPY_3.ASM
                  GetaBit   0x000035    program     static E:\Jorge\PROG_PIC_NUEVOS\DECO_SONY\DECO_SONY_COPY_3.ASM
                       b1   0x000036    program     static E:\Jorge\PROG_PIC_NUEVOS\DECO_SONY\DECO_SONY_COPY_3.ASM
                       b2   0x000042    program     static E:\Jorge\PROG_PIC_NUEVOS\DECO_SONY\DECO_SONY_COPY_3.ASM
                 HdrCheck   0x000050    program     static E:\Jorge\PROG_PIC_NUEVOS\DECO_SONY\DECO_SONY_COPY_3.ASM
                      hc1   0x000051    program     static E:\Jorge\PROG_PIC_NUEVOS\DECO_SONY\DECO_SONY_COPY_3.ASM
                      hc2   0x000062    program     static E:\Jorge\PROG_PIC_NUEVOS\DECO_SONY\DECO_SONY_COPY_3.ASM
                     init   0x000065    program     static E:\Jorge\PROG_PIC_NUEVOS\DECO_SONY\DECO_SONY_COPY_3.ASM
                     main   0x00006e    program     static E:\Jorge\PROG_PIC_NUEVOS\DECO_SONY\DECO_SONY_COPY_3.ASM
                 Analizar   0x000090    program     static E:\Jorge\PROG_PIC_NUEVOS\DECO_SONY\DECO_SONY_COPY_3.ASM
               Poner_cero   0x000094    program     static E:\Jorge\PROG_PIC_NUEVOS\DECO_SONY\DECO_SONY_COPY_3.ASM
                Poner_uno   0x00009a    program     static E:\Jorge\PROG_PIC_NUEVOS\DECO_SONY\DECO_SONY_COPY_3.ASM
                    main2   0x0000a0    program     static E:\Jorge\PROG_PIC_NUEVOS\DECO_SONY\DECO_SONY_COPY_3.ASM


