MPLINK 4.33, Linker
Linker Map File - Created Mon Nov 02 18:52:09 2009

                                 Section Info
                  Section       Type    Address   Location Size(Bytes)
                ---------  ---------  ---------  ---------  ---------
                   .org_0       code   0x000000    program   0x000000
                   .org_1       code   0x000000    program   0x000002
                   .org_2       code   0x000005    program   0x0000d2



                              Program Memory Usage 
                               Start         End      
                           ---------   ---------      
                            0x000000    0x000000      
                            0x000005    0x00006d      
            106 out of 1093 program addresses used, program memory utilization is 9%



                              Symbols - Sorted by Name
                     Name    Address   Location    Storage File                     
                ---------  ---------  ---------  --------- ---------                
                   CONT_1   0x000055    program     static E:\Jorge\PROG_PIC_NUEVOS\MULTIPLEXANDO_copy\multiplexando_copy.asm
                   DISP??   0x000055    program     static E:\Jorge\PROG_PIC_NUEVOS\MULTIPLEXANDO_copy\multiplexando_copy.asm
                  DISPLAY   0x00002a    program     static E:\Jorge\PROG_PIC_NUEVOS\MULTIPLEXANDO_copy\multiplexando_copy.asm
                      DOS   0x00003a    program     static E:\Jorge\PROG_PIC_NUEVOS\MULTIPLEXANDO_copy\multiplexando_copy.asm
                      INI   0x000026    program     static E:\Jorge\PROG_PIC_NUEVOS\MULTIPLEXANDO_copy\multiplexando_copy.asm
                   INICIO   0x000005    program     static E:\Jorge\PROG_PIC_NUEVOS\MULTIPLEXANDO_copy\multiplexando_copy.asm
                    RESET   0x000000    program     static E:\Jorge\PROG_PIC_NUEVOS\MULTIPLEXANDO_copy\multiplexando_copy.asm
                  RETARDO   0x000038    program     static E:\Jorge\PROG_PIC_NUEVOS\MULTIPLEXANDO_copy\multiplexando_copy.asm
                   SEGUIR   0x00005b    program     static E:\Jorge\PROG_PIC_NUEVOS\MULTIPLEXANDO_copy\multiplexando_copy.asm
                    TABLA   0x000047    program     static E:\Jorge\PROG_PIC_NUEVOS\MULTIPLEXANDO_copy\multiplexando_copy.asm
                      UNO   0x00003c    program     static E:\Jorge\PROG_PIC_NUEVOS\MULTIPLEXANDO_copy\multiplexando_copy.asm



                              Symbols - Sorted by Address
                     Name    Address   Location    Storage File                     
                ---------  ---------  ---------  --------- ---------                
                    RESET   0x000000    program     static E:\Jorge\PROG_PIC_NUEVOS\MULTIPLEXANDO_copy\multiplexando_copy.asm
                   INICIO   0x000005    program     static E:\Jorge\PROG_PIC_NUEVOS\MULTIPLEXANDO_copy\multiplexando_copy.asm
                      INI   0x000026    program     static E:\Jorge\PROG_PIC_NUEVOS\MULTIPLEXANDO_copy\multiplexando_copy.asm
                  DISPLAY   0x00002a    program     static E:\Jorge\PROG_PIC_NUEVOS\MULTIPLEXANDO_copy\multiplexando_copy.asm
                  RETARDO   0x000038    program     static E:\Jorge\PROG_PIC_NUEVOS\MULTIPLEXANDO_copy\multiplexando_copy.asm
                      DOS   0x00003a    program     static E:\Jorge\PROG_PIC_NUEVOS\MULTIPLEXANDO_copy\multiplexando_copy.asm
                      UNO   0x00003c    program     static E:\Jorge\PROG_PIC_NUEVOS\MULTIPLEXANDO_copy\multiplexando_copy.asm
                    TABLA   0x000047    program     static E:\Jorge\PROG_PIC_NUEVOS\MULTIPLEXANDO_copy\multiplexando_copy.asm
                   CONT_1   0x000055    program     static E:\Jorge\PROG_PIC_NUEVOS\MULTIPLEXANDO_copy\multiplexando_copy.asm
                   DISP??   0x000055    program     static E:\Jorge\PROG_PIC_NUEVOS\MULTIPLEXANDO_copy\multiplexando_copy.asm
                   SEGUIR   0x00005b    program     static E:\Jorge\PROG_PIC_NUEVOS\MULTIPLEXANDO_copy\multiplexando_copy.asm


