MPLINK 4.33, Linker
Linker Map File - Created Thu Nov 05 07:05:04 2009

                                 Section Info
                  Section       Type    Address   Location Size(Bytes)
                ---------  ---------  ---------  ---------  ---------
                   .org_0       code   0x000000    program   0x0000e2



                              Program Memory Usage 
                               Start         End      
                           ---------   ---------      
                            0x000000    0x000070      
            113 out of 1093 program addresses used, program memory utilization is 10%



                              Symbols - Sorted by Name
                     Name    Address   Location    Storage File                     
                ---------  ---------  ---------  --------- ---------                
                   DATO_1   0x00001a    program     static E:\Jorge\PROG_PIC_NUEVOS\LCD\LCD_ROBOTIX_COPY\LCD.ASM
                  DELAY_1   0x00006c    program     static E:\Jorge\PROG_PIC_NUEVOS\LCD\LCD_ROBOTIX_COPY\LCD.LIB
                DELAY_5MS   0x000069    program     static E:\Jorge\PROG_PIC_NUEVOS\LCD\LCD_ROBOTIX_COPY\LCD.LIB
                   INICIO   0x000000    program     static E:\Jorge\PROG_PIC_NUEVOS\LCD\LCD_ROBOTIX_COPY\LCD.ASM
                 LCD_BUSY   0x000040    program     static E:\Jorge\PROG_PIC_NUEVOS\LCD\LCD_ROBOTIX_COPY\LCD.LIB
                LCD_DATOS   0x000053    program     static E:\Jorge\PROG_PIC_NUEVOS\LCD\LCD_ROBOTIX_COPY\LCD.LIB
                    LCD_E   0x00003c    program     static E:\Jorge\PROG_PIC_NUEVOS\LCD\LCD_ROBOTIX_COPY\LCD.LIB
                  LCD_INI   0x000058    program     static E:\Jorge\PROG_PIC_NUEVOS\LCD\LCD_ROBOTIX_COPY\LCD.LIB
                 LCD_PORT   0x000062    program     static E:\Jorge\PROG_PIC_NUEVOS\LCD\LCD_ROBOTIX_COPY\LCD.LIB
                  LCD_REG   0x00004f    program     static E:\Jorge\PROG_PIC_NUEVOS\LCD\LCD_ROBOTIX_COPY\LCD.LIB
                   L_BUSY   0x000047    program     static E:\Jorge\PROG_PIC_NUEVOS\LCD\LCD_ROBOTIX_COPY\LCD.LIB
                   PDelL1   0x000039    program     static E:\Jorge\PROG_PIC_NUEVOS\LCD\LCD_ROBOTIX_COPY\LCD.ASM
                   PDelL2   0x00003a    program     static E:\Jorge\PROG_PIC_NUEVOS\LCD\LCD_ROBOTIX_COPY\LCD.ASM
                   PDelay   0x00002c    program     static E:\Jorge\PROG_PIC_NUEVOS\LCD\LCD_ROBOTIX_COPY\LCD.ASM
                   PLoop0   0x00002e    program     static E:\Jorge\PROG_PIC_NUEVOS\LCD\LCD_ROBOTIX_COPY\LCD.ASM
                   PLoop1   0x000030    program     static E:\Jorge\PROG_PIC_NUEVOS\LCD\LCD_ROBOTIX_COPY\LCD.ASM
                   PLoop2   0x000032    program     static E:\Jorge\PROG_PIC_NUEVOS\LCD\LCD_ROBOTIX_COPY\LCD.ASM
                  REPETIR   0x00000d    program     static E:\Jorge\PROG_PIC_NUEVOS\LCD\LCD_ROBOTIX_COPY\LCD.ASM
                    START   0x000004    program     static E:\Jorge\PROG_PIC_NUEVOS\LCD\LCD_ROBOTIX_COPY\LCD.ASM
                   acabar   0x000015    program     static E:\Jorge\PROG_PIC_NUEVOS\LCD\LCD_ROBOTIX_COPY\LCD.ASM



                              Symbols - Sorted by Address
                     Name    Address   Location    Storage File                     
                ---------  ---------  ---------  --------- ---------                
                   INICIO   0x000000    program     static E:\Jorge\PROG_PIC_NUEVOS\LCD\LCD_ROBOTIX_COPY\LCD.ASM
                    START   0x000004    program     static E:\Jorge\PROG_PIC_NUEVOS\LCD\LCD_ROBOTIX_COPY\LCD.ASM
                  REPETIR   0x00000d    program     static E:\Jorge\PROG_PIC_NUEVOS\LCD\LCD_ROBOTIX_COPY\LCD.ASM
                   acabar   0x000015    program     static E:\Jorge\PROG_PIC_NUEVOS\LCD\LCD_ROBOTIX_COPY\LCD.ASM
                   DATO_1   0x00001a    program     static E:\Jorge\PROG_PIC_NUEVOS\LCD\LCD_ROBOTIX_COPY\LCD.ASM
                   PDelay   0x00002c    program     static E:\Jorge\PROG_PIC_NUEVOS\LCD\LCD_ROBOTIX_COPY\LCD.ASM
                   PLoop0   0x00002e    program     static E:\Jorge\PROG_PIC_NUEVOS\LCD\LCD_ROBOTIX_COPY\LCD.ASM
                   PLoop1   0x000030    program     static E:\Jorge\PROG_PIC_NUEVOS\LCD\LCD_ROBOTIX_COPY\LCD.ASM
                   PLoop2   0x000032    program     static E:\Jorge\PROG_PIC_NUEVOS\LCD\LCD_ROBOTIX_COPY\LCD.ASM
                   PDelL1   0x000039    program     static E:\Jorge\PROG_PIC_NUEVOS\LCD\LCD_ROBOTIX_COPY\LCD.ASM
                   PDelL2   0x00003a    program     static E:\Jorge\PROG_PIC_NUEVOS\LCD\LCD_ROBOTIX_COPY\LCD.ASM
                    LCD_E   0x00003c    program     static E:\Jorge\PROG_PIC_NUEVOS\LCD\LCD_ROBOTIX_COPY\LCD.LIB
                 LCD_BUSY   0x000040    program     static E:\Jorge\PROG_PIC_NUEVOS\LCD\LCD_ROBOTIX_COPY\LCD.LIB
                   L_BUSY   0x000047    program     static E:\Jorge\PROG_PIC_NUEVOS\LCD\LCD_ROBOTIX_COPY\LCD.LIB
                  LCD_REG   0x00004f    program     static E:\Jorge\PROG_PIC_NUEVOS\LCD\LCD_ROBOTIX_COPY\LCD.LIB
                LCD_DATOS   0x000053    program     static E:\Jorge\PROG_PIC_NUEVOS\LCD\LCD_ROBOTIX_COPY\LCD.LIB
                  LCD_INI   0x000058    program     static E:\Jorge\PROG_PIC_NUEVOS\LCD\LCD_ROBOTIX_COPY\LCD.LIB
                 LCD_PORT   0x000062    program     static E:\Jorge\PROG_PIC_NUEVOS\LCD\LCD_ROBOTIX_COPY\LCD.LIB
                DELAY_5MS   0x000069    program     static E:\Jorge\PROG_PIC_NUEVOS\LCD\LCD_ROBOTIX_COPY\LCD.LIB
                  DELAY_1   0x00006c    program     static E:\Jorge\PROG_PIC_NUEVOS\LCD\LCD_ROBOTIX_COPY\LCD.LIB


