MPLINK 4.33, Linker
Linker Map File - Created Sat Oct 31 17:15:11 2009

                                 Section Info
                  Section       Type    Address   Location Size(Bytes)
                ---------  ---------  ---------  ---------  ---------
                   .org_0       code   0x000000    program   0x000000
                   .org_1       code   0x000000    program   0x000002
                   .org_2       code   0x000005    program   0x000068



                              Program Memory Usage 
                               Start         End      
                           ---------   ---------      
                            0x000000    0x000000      
                            0x000005    0x000038      
            53 out of 1093 program addresses used, program memory utilization is 4%



                              Symbols - Sorted by Name
                     Name    Address   Location    Storage File                     
                ---------  ---------  ---------  --------- ---------                
                  DISPLAY   0x000016    program     static E:\Jorge\PROG_PIC_NUEVOS\USANDO_DISPLAY\MULTIPLEXANDO\MULTIPLEXANDO.ASM
                      DOS   0x000026    program     static E:\Jorge\PROG_PIC_NUEVOS\USANDO_DISPLAY\MULTIPLEXANDO\MULTIPLEXANDO.ASM
                      INI   0x000012    program     static E:\Jorge\PROG_PIC_NUEVOS\USANDO_DISPLAY\MULTIPLEXANDO\MULTIPLEXANDO.ASM
                   INICIO   0x000005    program     static E:\Jorge\PROG_PIC_NUEVOS\USANDO_DISPLAY\MULTIPLEXANDO\MULTIPLEXANDO.ASM
                    RESET   0x000000    program     static E:\Jorge\PROG_PIC_NUEVOS\USANDO_DISPLAY\MULTIPLEXANDO\MULTIPLEXANDO.ASM
                  RETARDO   0x000024    program     static E:\Jorge\PROG_PIC_NUEVOS\USANDO_DISPLAY\MULTIPLEXANDO\MULTIPLEXANDO.ASM
                    TABLA   0x000033    program     static E:\Jorge\PROG_PIC_NUEVOS\USANDO_DISPLAY\MULTIPLEXANDO\MULTIPLEXANDO.ASM
                      UNO   0x000028    program     static E:\Jorge\PROG_PIC_NUEVOS\USANDO_DISPLAY\MULTIPLEXANDO\MULTIPLEXANDO.ASM



                              Symbols - Sorted by Address
                     Name    Address   Location    Storage File                     
                ---------  ---------  ---------  --------- ---------                
                    RESET   0x000000    program     static E:\Jorge\PROG_PIC_NUEVOS\USANDO_DISPLAY\MULTIPLEXANDO\MULTIPLEXANDO.ASM
                   INICIO   0x000005    program     static E:\Jorge\PROG_PIC_NUEVOS\USANDO_DISPLAY\MULTIPLEXANDO\MULTIPLEXANDO.ASM
                      INI   0x000012    program     static E:\Jorge\PROG_PIC_NUEVOS\USANDO_DISPLAY\MULTIPLEXANDO\MULTIPLEXANDO.ASM
                  DISPLAY   0x000016    program     static E:\Jorge\PROG_PIC_NUEVOS\USANDO_DISPLAY\MULTIPLEXANDO\MULTIPLEXANDO.ASM
                  RETARDO   0x000024    program     static E:\Jorge\PROG_PIC_NUEVOS\USANDO_DISPLAY\MULTIPLEXANDO\MULTIPLEXANDO.ASM
                      DOS   0x000026    program     static E:\Jorge\PROG_PIC_NUEVOS\USANDO_DISPLAY\MULTIPLEXANDO\MULTIPLEXANDO.ASM
                      UNO   0x000028    program     static E:\Jorge\PROG_PIC_NUEVOS\USANDO_DISPLAY\MULTIPLEXANDO\MULTIPLEXANDO.ASM
                    TABLA   0x000033    program     static E:\Jorge\PROG_PIC_NUEVOS\USANDO_DISPLAY\MULTIPLEXANDO\MULTIPLEXANDO.ASM


