MPLINK 4.33, Linker
Linker Map File - Created Tue Dec 15 12:02:43 2009

                                 Section Info
                  Section       Type    Address   Location Size(Bytes)
                ---------  ---------  ---------  ---------  ---------
                   .org_0       code   0x000000    program   0x000000
                   .org_1       code   0x000000    program   0x000378
.config_2007_ARITMETICA_11.O       code   0x002007    program   0x000002



                              Program Memory Usage 
                               Start         End      
                           ---------   ---------      
                            0x000000    0x0001bb      
                            0x002007    0x002007      
            445 out of 1093 program addresses used, program memory utilization is 40%



                              Symbols - Sorted by Name
                     Name    Address   Location    Storage File                     
                ---------  ---------  ---------  --------- ---------                
       Arit_BCD_Bin_16Bit   0x000089    program     static E:\Jorge\PROG_PIC_NUEVOS\ARITMETICA\Aritmetica_11\ARITMETICA.INC
       Arit_BCD_Operacion   0x000095    program     static E:\Jorge\PROG_PIC_NUEVOS\ARITMETICA\Aritmetica_11\ARITMETICA.INC
       Arit_Bin_BCD_16Bit   0x0000a3    program     static E:\Jorge\PROG_PIC_NUEVOS\ARITMETICA\Aritmetica_11\ARITMETICA.INC
           Arit_DigitoBCD   0x0000ab    program     static E:\Jorge\PROG_PIC_NUEVOS\ARITMETICA\Aritmetica_11\ARITMETICA.INC
         Arit_DivideBit16   0x00007c    program     static E:\Jorge\PROG_PIC_NUEVOS\ARITMETICA\Aritmetica_11\ARITMETICA.INC
          Arit_DivideBit8   0x00006c    program     static E:\Jorge\PROG_PIC_NUEVOS\ARITMETICA\Aritmetica_11\ARITMETICA.INC
        Arit_Divide_16Bit   0x000077    program     static E:\Jorge\PROG_PIC_NUEVOS\ARITMETICA\Aritmetica_11\ARITMETICA.INC
         Arit_Divide_8Bit   0x000068    program     static E:\Jorge\PROG_PIC_NUEVOS\ARITMETICA\Aritmetica_11\ARITMETICA.INC
     Arit_Multiplica16Bit   0x000057    program     static E:\Jorge\PROG_PIC_NUEVOS\ARITMETICA\Aritmetica_11\ARITMETICA.INC
      Arit_MultiplicaBit8   0x000049    program     static E:\Jorge\PROG_PIC_NUEVOS\ARITMETICA\Aritmetica_11\ARITMETICA.INC
    Arit_Multiplica_16Bit   0x000051    program     static E:\Jorge\PROG_PIC_NUEVOS\ARITMETICA\Aritmetica_11\ARITMETICA.INC
     Arit_Multiplica_8Bit   0x000044    program     static E:\Jorge\PROG_PIC_NUEVOS\ARITMETICA\Aritmetica_11\ARITMETICA.INC
Arit_Multiplicador_BitCero   0x000061    program     static E:\Jorge\PROG_PIC_NUEVOS\ARITMETICA\Aritmetica_11\ARITMETICA.INC
               Arit_Negar   0x000034    program     static E:\Jorge\PROG_PIC_NUEVOS\ARITMETICA\Aritmetica_11\ARITMETICA.INC
     Arit_PasaAlSiguiente   0x0000c3    program     static E:\Jorge\PROG_PIC_NUEVOS\ARITMETICA\Aritmetica_11\ARITMETICA.INC
         Arit_Resta_16Bit   0x00003c    program     static E:\Jorge\PROG_PIC_NUEVOS\ARITMETICA\Aritmetica_11\ARITMETICA.INC
          Arit_Suma_16Bit   0x00003d    program     static E:\Jorge\PROG_PIC_NUEVOS\ARITMETICA\Aritmetica_11\ARITMETICA.INC
        Arit_VisualizaBCD   0x0000b7    program     static E:\Jorge\PROG_PIC_NUEVOS\ARITMETICA\Aritmetica_11\ARITMETICA.INC
    Arit_VisualizaBinario   0x000029    program     static E:\Jorge\PROG_PIC_NUEVOS\ARITMETICA\Aritmetica_11\ARITMETICA.INC
        Arit_VisualizaBit   0x00002c    program     static E:\Jorge\PROG_PIC_NUEVOS\ARITMETICA\Aritmetica_11\ARITMETICA.INC
     Arit_VisualizaDigito   0x0000c1    program     static E:\Jorge\PROG_PIC_NUEVOS\ARITMETICA\Aritmetica_11\ARITMETICA.INC
  Arit_VisualizaDigitoBCD   0x0000bc    program     static E:\Jorge\PROG_PIC_NUEVOS\ARITMETICA\Aritmetica_11\ARITMETICA.INC
                   Inicio   0x000000    program     static E:\Jorge\PROG_PIC_NUEVOS\ARITMETICA\Aritmetica_11\Aritmetica_11.asm
      LCD_2Lineas4Bits5x7   0x00014e    program     static E:\Jorge\PROG_PIC_NUEVOS\ARITMETICA\Aritmetica_11\LCD_4BIT.INC
                LCD_Borra   0x00014c    program     static E:\Jorge\PROG_PIC_NUEVOS\ARITMETICA\Aritmetica_11\LCD_4BIT.INC
                 LCD_Byte   0x00017e    program     static E:\Jorge\PROG_PIC_NUEVOS\ARITMETICA\Aritmetica_11\LCD_4BIT.INC
         LCD_ByteCompleto   0x000185    program     static E:\Jorge\PROG_PIC_NUEVOS\ARITMETICA\Aritmetica_11\LCD_4BIT.INC
             LCD_Caracter   0x000151    program     static E:\Jorge\PROG_PIC_NUEVOS\ARITMETICA\Aritmetica_11\LCD_4BIT.INC
          LCD_CodigoCGROM   0x00015b    program     static E:\Jorge\PROG_PIC_NUEVOS\ARITMETICA\Aritmetica_11\LCD_4BIT.INC
           LCD_CursorIncr   0x00013c    program     static E:\Jorge\PROG_PIC_NUEVOS\ARITMETICA\Aritmetica_11\LCD_4BIT.INC
            LCD_CursorOFF   0x00014a    program     static E:\Jorge\PROG_PIC_NUEVOS\ARITMETICA\Aritmetica_11\LCD_4BIT.INC
             LCD_CursorON   0x000148    program     static E:\Jorge\PROG_PIC_NUEVOS\ARITMETICA\Aritmetica_11\LCD_4BIT.INC
   LCD_DosEspaciosBlancos   0x000175    program     static E:\Jorge\PROG_PIC_NUEVOS\ARITMETICA\Aritmetica_11\LCD_4BIT.INC
        LCD_EnheMayuscula   0x000162    program     static E:\Jorge\PROG_PIC_NUEVOS\ARITMETICA\Aritmetica_11\LCD_4BIT.INC
        LCD_EnheMinuscula   0x00015c    program     static E:\Jorge\PROG_PIC_NUEVOS\ARITMETICA\Aritmetica_11\LCD_4BIT.INC
                LCD_Envia   0x000153    program     static E:\Jorge\PROG_PIC_NUEVOS\ARITMETICA\Aritmetica_11\LCD_4BIT.INC
         LCD_EnviaBlancos   0x000178    program     static E:\Jorge\PROG_PIC_NUEVOS\ARITMETICA\Aritmetica_11\LCD_4BIT.INC
       LCD_EnviaByteLetra   0x000191    program     static E:\Jorge\PROG_PIC_NUEVOS\ARITMETICA\Aritmetica_11\LCD_4BIT.INC
         LCD_EnviaComando   0x00014f    program     static E:\Jorge\PROG_PIC_NUEVOS\ARITMETICA\Aritmetica_11\LCD_4BIT.INC
      LCD_EnviaOtroBlanco   0x000179    program     static E:\Jorge\PROG_PIC_NUEVOS\ARITMETICA\Aritmetica_11\LCD_4BIT.INC
         LCD_EsFinalLinea   0x0001ac    program     static E:\Jorge\PROG_PIC_NUEVOS\ARITMETICA\Aritmetica_11\LCD_MENS.INC
           LCD_EscribeLCD   0x000128    program     static E:\Jorge\PROG_PIC_NUEVOS\ARITMETICA\Aritmetica_11\LCD_4BIT.INC
             LCD_FinCGROM   0x00016f    program     static E:\Jorge\PROG_PIC_NUEVOS\ARITMETICA\Aritmetica_11\LCD_4BIT.INC
           LCD_FinMensaje   0x0001a1    program     static E:\Jorge\PROG_PIC_NUEVOS\ARITMETICA\Aritmetica_11\LCD_MENS.INC
        LCD_FinMovimiento   0x0001bb    program     static E:\Jorge\PROG_PIC_NUEVOS\ARITMETICA\Aritmetica_11\LCD_MENS.INC
   LCD_FinVisualizaDigito   0x000193    program     static E:\Jorge\PROG_PIC_NUEVOS\ARITMETICA\Aritmetica_11\LCD_4BIT.INC
                LCD_Grado   0x000169    program     static E:\Jorge\PROG_PIC_NUEVOS\ARITMETICA\Aritmetica_11\LCD_4BIT.INC
           LCD_Inicializa   0x000110    program     static E:\Jorge\PROG_PIC_NUEVOS\ARITMETICA\Aritmetica_11\LCD_4BIT.INC
               LCD_Linea1   0x00013e    program     static E:\Jorge\PROG_PIC_NUEVOS\ARITMETICA\Aritmetica_11\LCD_4BIT.INC
               LCD_Linea2   0x000140    program     static E:\Jorge\PROG_PIC_NUEVOS\ARITMETICA\Aritmetica_11\LCD_4BIT.INC
        LCD_LineaEnBlanco   0x000171    program     static E:\Jorge\PROG_PIC_NUEVOS\ARITMETICA\Aritmetica_11\LCD_4BIT.INC
              LCD_Mensaje   0x000194    program     static E:\Jorge\PROG_PIC_NUEVOS\ARITMETICA\Aritmetica_11\LCD_MENS.INC
    LCD_MensajeMovimiento   0x0001a2    program     static E:\Jorge\PROG_PIC_NUEVOS\ARITMETICA\Aritmetica_11\LCD_MENS.INC
               LCD_Nibble   0x000189    program     static E:\Jorge\PROG_PIC_NUEVOS\ARITMETICA\Aritmetica_11\LCD_4BIT.INC
       LCD_NoEsFinalLinea   0x0001b1    program     static E:\Jorge\PROG_PIC_NUEVOS\ARITMETICA\Aritmetica_11\LCD_MENS.INC
     LCD_NoUltimoCaracter   0x00019e    program     static E:\Jorge\PROG_PIC_NUEVOS\ARITMETICA\Aritmetica_11\LCD_MENS.INC
    LCD_NoUltimoCaracter2   0x0001b7    program     static E:\Jorge\PROG_PIC_NUEVOS\ARITMETICA\Aritmetica_11\LCD_MENS.INC
                  LCD_OFF   0x000146    program     static E:\Jorge\PROG_PIC_NUEVOS\ARITMETICA\Aritmetica_11\LCD_4BIT.INC
       LCD_PosicionLinea1   0x000142    program     static E:\Jorge\PROG_PIC_NUEVOS\ARITMETICA\Aritmetica_11\LCD_4BIT.INC
       LCD_PosicionLinea2   0x000144    program     static E:\Jorge\PROG_PIC_NUEVOS\ARITMETICA\Aritmetica_11\LCD_4BIT.INC
      LCD_PrimeraPosicion   0x0001a6    program     static E:\Jorge\PROG_PIC_NUEVOS\ARITMETICA\Aritmetica_11\LCD_MENS.INC
  LCD_TresEspaciosBlancos   0x000177    program     static E:\Jorge\PROG_PIC_NUEVOS\ARITMETICA\Aritmetica_11\LCD_4BIT.INC
      LCD_UnEspacioBlanco   0x000173    program     static E:\Jorge\PROG_PIC_NUEVOS\ARITMETICA\Aritmetica_11\LCD_4BIT.INC
        LCD_VisualizaAlto   0x000186    program     static E:\Jorge\PROG_PIC_NUEVOS\ARITMETICA\Aritmetica_11\LCD_4BIT.INC
        LCD_VisualizaBajo   0x000188    program     static E:\Jorge\PROG_PIC_NUEVOS\ARITMETICA\Aritmetica_11\LCD_4BIT.INC
    LCD_VisualizaCaracter   0x0001a8    program     static E:\Jorge\PROG_PIC_NUEVOS\ARITMETICA\Aritmetica_11\LCD_MENS.INC
LCD_VisualizaOtroCaracter   0x000198    program     static E:\Jorge\PROG_PIC_NUEVOS\ARITMETICA\Aritmetica_11\LCD_MENS.INC
               MensajeBCD   0x000019    program     static E:\Jorge\PROG_PIC_NUEVOS\ARITMETICA\Aritmetica_11\Aritmetica_11.asm
               MensajeHex   0x000021    program     static E:\Jorge\PROG_PIC_NUEVOS\ARITMETICA\Aritmetica_11\Aritmetica_11.asm
                 Mensajes   0x000018    program     static E:\Jorge\PROG_PIC_NUEVOS\ARITMETICA\Aritmetica_11\Aritmetica_11.asm
    R1Decima_BucleExterno   0x000106    program     static E:\Jorge\PROG_PIC_NUEVOS\ARITMETICA\Aritmetica_11\RETARDOS.INC
   R1Decima_BucleExterno2   0x000104    program     static E:\Jorge\PROG_PIC_NUEVOS\ARITMETICA\Aritmetica_11\RETARDOS.INC
    R1Decima_BucleInterno   0x000108    program     static E:\Jorge\PROG_PIC_NUEVOS\ARITMETICA\Aritmetica_11\RETARDOS.INC
        R1ms_BucleExterno   0x0000f0    program     static E:\Jorge\PROG_PIC_NUEVOS\ARITMETICA\Aritmetica_11\RETARDOS.INC
        R1ms_BucleInterno   0x0000f2    program     static E:\Jorge\PROG_PIC_NUEVOS\ARITMETICA\Aritmetica_11\RETARDOS.INC
            RetardoMicros   0x0000dc    program     static E:\Jorge\PROG_PIC_NUEVOS\ARITMETICA\Aritmetica_11\RETARDOS.INC
        Retardo_100micros   0x0000d6    program     static E:\Jorge\PROG_PIC_NUEVOS\ARITMETICA\Aritmetica_11\RETARDOS.INC
            Retardo_100ms   0x0000e2    program     static E:\Jorge\PROG_PIC_NUEVOS\ARITMETICA\Aritmetica_11\RETARDOS.INC
         Retardo_10micros   0x0000c9    program     static E:\Jorge\PROG_PIC_NUEVOS\ARITMETICA\Aritmetica_11\RETARDOS.INC
             Retardo_10ms   0x0000e8    program     static E:\Jorge\PROG_PIC_NUEVOS\ARITMETICA\Aritmetica_11\RETARDOS.INC
              Retardo_10s   0x0000fa    program     static E:\Jorge\PROG_PIC_NUEVOS\ARITMETICA\Aritmetica_11\RETARDOS.INC
          Retardo_1Decima   0x000103    program     static E:\Jorge\PROG_PIC_NUEVOS\ARITMETICA\Aritmetica_11\RETARDOS.INC
              Retardo_1ms   0x0000ee    program     static E:\Jorge\PROG_PIC_NUEVOS\ARITMETICA\Aritmetica_11\RETARDOS.INC
               Retardo_1s   0x000100    program     static E:\Jorge\PROG_PIC_NUEVOS\ARITMETICA\Aritmetica_11\RETARDOS.INC
        Retardo_200micros   0x0000d3    program     static E:\Jorge\PROG_PIC_NUEVOS\ARITMETICA\Aritmetica_11\RETARDOS.INC
            Retardo_200ms   0x0000e0    program     static E:\Jorge\PROG_PIC_NUEVOS\ARITMETICA\Aritmetica_11\RETARDOS.INC
         Retardo_20micros   0x0000db    program     static E:\Jorge\PROG_PIC_NUEVOS\ARITMETICA\Aritmetica_11\RETARDOS.INC
             Retardo_20ms   0x0000e6    program     static E:\Jorge\PROG_PIC_NUEVOS\ARITMETICA\Aritmetica_11\RETARDOS.INC
              Retardo_20s   0x0000f8    program     static E:\Jorge\PROG_PIC_NUEVOS\ARITMETICA\Aritmetica_11\RETARDOS.INC
              Retardo_2ms   0x0000ec    program     static E:\Jorge\PROG_PIC_NUEVOS\ARITMETICA\Aritmetica_11\RETARDOS.INC
               Retardo_2s   0x0000fe    program     static E:\Jorge\PROG_PIC_NUEVOS\ARITMETICA\Aritmetica_11\RETARDOS.INC
          Retardo_4micros   0x0000cf    program     static E:\Jorge\PROG_PIC_NUEVOS\ARITMETICA\Aritmetica_11\RETARDOS.INC
        Retardo_500micros   0x0000d0    program     static E:\Jorge\PROG_PIC_NUEVOS\ARITMETICA\Aritmetica_11\RETARDOS.INC
            Retardo_500ms   0x000102    program     static E:\Jorge\PROG_PIC_NUEVOS\ARITMETICA\Aritmetica_11\RETARDOS.INC
         Retardo_50micros   0x0000d8    program     static E:\Jorge\PROG_PIC_NUEVOS\ARITMETICA\Aritmetica_11\RETARDOS.INC
             Retardo_50ms   0x0000e4    program     static E:\Jorge\PROG_PIC_NUEVOS\ARITMETICA\Aritmetica_11\RETARDOS.INC
          Retardo_5micros   0x0000ce    program     static E:\Jorge\PROG_PIC_NUEVOS\ARITMETICA\Aritmetica_11\RETARDOS.INC
              Retardo_5ms   0x0000ea    program     static E:\Jorge\PROG_PIC_NUEVOS\ARITMETICA\Aritmetica_11\RETARDOS.INC
               Retardo_5s   0x0000fc    program     static E:\Jorge\PROG_PIC_NUEVOS\ARITMETICA\Aritmetica_11\RETARDOS.INC
              Retardos_ms   0x0000ef    program     static E:\Jorge\PROG_PIC_NUEVOS\ARITMETICA\Aritmetica_11\RETARDOS.INC
            Rmicros_Bucle   0x0000dd    program     static E:\Jorge\PROG_PIC_NUEVOS\ARITMETICA\Aritmetica_11\RETARDOS.INC



                              Symbols - Sorted by Address
                     Name    Address   Location    Storage File                     
                ---------  ---------  ---------  --------- ---------                
                   Inicio   0x000000    program     static E:\Jorge\PROG_PIC_NUEVOS\ARITMETICA\Aritmetica_11\Aritmetica_11.asm
                 Mensajes   0x000018    program     static E:\Jorge\PROG_PIC_NUEVOS\ARITMETICA\Aritmetica_11\Aritmetica_11.asm
               MensajeBCD   0x000019    program     static E:\Jorge\PROG_PIC_NUEVOS\ARITMETICA\Aritmetica_11\Aritmetica_11.asm
               MensajeHex   0x000021    program     static E:\Jorge\PROG_PIC_NUEVOS\ARITMETICA\Aritmetica_11\Aritmetica_11.asm
    Arit_VisualizaBinario   0x000029    program     static E:\Jorge\PROG_PIC_NUEVOS\ARITMETICA\Aritmetica_11\ARITMETICA.INC
        Arit_VisualizaBit   0x00002c    program     static E:\Jorge\PROG_PIC_NUEVOS\ARITMETICA\Aritmetica_11\ARITMETICA.INC
               Arit_Negar   0x000034    program     static E:\Jorge\PROG_PIC_NUEVOS\ARITMETICA\Aritmetica_11\ARITMETICA.INC
         Arit_Resta_16Bit   0x00003c    program     static E:\Jorge\PROG_PIC_NUEVOS\ARITMETICA\Aritmetica_11\ARITMETICA.INC
          Arit_Suma_16Bit   0x00003d    program     static E:\Jorge\PROG_PIC_NUEVOS\ARITMETICA\Aritmetica_11\ARITMETICA.INC
     Arit_Multiplica_8Bit   0x000044    program     static E:\Jorge\PROG_PIC_NUEVOS\ARITMETICA\Aritmetica_11\ARITMETICA.INC
      Arit_MultiplicaBit8   0x000049    program     static E:\Jorge\PROG_PIC_NUEVOS\ARITMETICA\Aritmetica_11\ARITMETICA.INC
    Arit_Multiplica_16Bit   0x000051    program     static E:\Jorge\PROG_PIC_NUEVOS\ARITMETICA\Aritmetica_11\ARITMETICA.INC
     Arit_Multiplica16Bit   0x000057    program     static E:\Jorge\PROG_PIC_NUEVOS\ARITMETICA\Aritmetica_11\ARITMETICA.INC
Arit_Multiplicador_BitCero   0x000061    program     static E:\Jorge\PROG_PIC_NUEVOS\ARITMETICA\Aritmetica_11\ARITMETICA.INC
         Arit_Divide_8Bit   0x000068    program     static E:\Jorge\PROG_PIC_NUEVOS\ARITMETICA\Aritmetica_11\ARITMETICA.INC
          Arit_DivideBit8   0x00006c    program     static E:\Jorge\PROG_PIC_NUEVOS\ARITMETICA\Aritmetica_11\ARITMETICA.INC
        Arit_Divide_16Bit   0x000077    program     static E:\Jorge\PROG_PIC_NUEVOS\ARITMETICA\Aritmetica_11\ARITMETICA.INC
         Arit_DivideBit16   0x00007c    program     static E:\Jorge\PROG_PIC_NUEVOS\ARITMETICA\Aritmetica_11\ARITMETICA.INC
       Arit_BCD_Bin_16Bit   0x000089    program     static E:\Jorge\PROG_PIC_NUEVOS\ARITMETICA\Aritmetica_11\ARITMETICA.INC
       Arit_BCD_Operacion   0x000095    program     static E:\Jorge\PROG_PIC_NUEVOS\ARITMETICA\Aritmetica_11\ARITMETICA.INC
       Arit_Bin_BCD_16Bit   0x0000a3    program     static E:\Jorge\PROG_PIC_NUEVOS\ARITMETICA\Aritmetica_11\ARITMETICA.INC
           Arit_DigitoBCD   0x0000ab    program     static E:\Jorge\PROG_PIC_NUEVOS\ARITMETICA\Aritmetica_11\ARITMETICA.INC
        Arit_VisualizaBCD   0x0000b7    program     static E:\Jorge\PROG_PIC_NUEVOS\ARITMETICA\Aritmetica_11\ARITMETICA.INC
  Arit_VisualizaDigitoBCD   0x0000bc    program     static E:\Jorge\PROG_PIC_NUEVOS\ARITMETICA\Aritmetica_11\ARITMETICA.INC
     Arit_VisualizaDigito   0x0000c1    program     static E:\Jorge\PROG_PIC_NUEVOS\ARITMETICA\Aritmetica_11\ARITMETICA.INC
     Arit_PasaAlSiguiente   0x0000c3    program     static E:\Jorge\PROG_PIC_NUEVOS\ARITMETICA\Aritmetica_11\ARITMETICA.INC
         Retardo_10micros   0x0000c9    program     static E:\Jorge\PROG_PIC_NUEVOS\ARITMETICA\Aritmetica_11\RETARDOS.INC
          Retardo_5micros   0x0000ce    program     static E:\Jorge\PROG_PIC_NUEVOS\ARITMETICA\Aritmetica_11\RETARDOS.INC
          Retardo_4micros   0x0000cf    program     static E:\Jorge\PROG_PIC_NUEVOS\ARITMETICA\Aritmetica_11\RETARDOS.INC
        Retardo_500micros   0x0000d0    program     static E:\Jorge\PROG_PIC_NUEVOS\ARITMETICA\Aritmetica_11\RETARDOS.INC
        Retardo_200micros   0x0000d3    program     static E:\Jorge\PROG_PIC_NUEVOS\ARITMETICA\Aritmetica_11\RETARDOS.INC
        Retardo_100micros   0x0000d6    program     static E:\Jorge\PROG_PIC_NUEVOS\ARITMETICA\Aritmetica_11\RETARDOS.INC
         Retardo_50micros   0x0000d8    program     static E:\Jorge\PROG_PIC_NUEVOS\ARITMETICA\Aritmetica_11\RETARDOS.INC
         Retardo_20micros   0x0000db    program     static E:\Jorge\PROG_PIC_NUEVOS\ARITMETICA\Aritmetica_11\RETARDOS.INC
            RetardoMicros   0x0000dc    program     static E:\Jorge\PROG_PIC_NUEVOS\ARITMETICA\Aritmetica_11\RETARDOS.INC
            Rmicros_Bucle   0x0000dd    program     static E:\Jorge\PROG_PIC_NUEVOS\ARITMETICA\Aritmetica_11\RETARDOS.INC
            Retardo_200ms   0x0000e0    program     static E:\Jorge\PROG_PIC_NUEVOS\ARITMETICA\Aritmetica_11\RETARDOS.INC
            Retardo_100ms   0x0000e2    program     static E:\Jorge\PROG_PIC_NUEVOS\ARITMETICA\Aritmetica_11\RETARDOS.INC
             Retardo_50ms   0x0000e4    program     static E:\Jorge\PROG_PIC_NUEVOS\ARITMETICA\Aritmetica_11\RETARDOS.INC
             Retardo_20ms   0x0000e6    program     static E:\Jorge\PROG_PIC_NUEVOS\ARITMETICA\Aritmetica_11\RETARDOS.INC
             Retardo_10ms   0x0000e8    program     static E:\Jorge\PROG_PIC_NUEVOS\ARITMETICA\Aritmetica_11\RETARDOS.INC
              Retardo_5ms   0x0000ea    program     static E:\Jorge\PROG_PIC_NUEVOS\ARITMETICA\Aritmetica_11\RETARDOS.INC
              Retardo_2ms   0x0000ec    program     static E:\Jorge\PROG_PIC_NUEVOS\ARITMETICA\Aritmetica_11\RETARDOS.INC
              Retardo_1ms   0x0000ee    program     static E:\Jorge\PROG_PIC_NUEVOS\ARITMETICA\Aritmetica_11\RETARDOS.INC
              Retardos_ms   0x0000ef    program     static E:\Jorge\PROG_PIC_NUEVOS\ARITMETICA\Aritmetica_11\RETARDOS.INC
        R1ms_BucleExterno   0x0000f0    program     static E:\Jorge\PROG_PIC_NUEVOS\ARITMETICA\Aritmetica_11\RETARDOS.INC
        R1ms_BucleInterno   0x0000f2    program     static E:\Jorge\PROG_PIC_NUEVOS\ARITMETICA\Aritmetica_11\RETARDOS.INC
              Retardo_20s   0x0000f8    program     static E:\Jorge\PROG_PIC_NUEVOS\ARITMETICA\Aritmetica_11\RETARDOS.INC
              Retardo_10s   0x0000fa    program     static E:\Jorge\PROG_PIC_NUEVOS\ARITMETICA\Aritmetica_11\RETARDOS.INC
               Retardo_5s   0x0000fc    program     static E:\Jorge\PROG_PIC_NUEVOS\ARITMETICA\Aritmetica_11\RETARDOS.INC
               Retardo_2s   0x0000fe    program     static E:\Jorge\PROG_PIC_NUEVOS\ARITMETICA\Aritmetica_11\RETARDOS.INC
               Retardo_1s   0x000100    program     static E:\Jorge\PROG_PIC_NUEVOS\ARITMETICA\Aritmetica_11\RETARDOS.INC
            Retardo_500ms   0x000102    program     static E:\Jorge\PROG_PIC_NUEVOS\ARITMETICA\Aritmetica_11\RETARDOS.INC
          Retardo_1Decima   0x000103    program     static E:\Jorge\PROG_PIC_NUEVOS\ARITMETICA\Aritmetica_11\RETARDOS.INC
   R1Decima_BucleExterno2   0x000104    program     static E:\Jorge\PROG_PIC_NUEVOS\ARITMETICA\Aritmetica_11\RETARDOS.INC
    R1Decima_BucleExterno   0x000106    program     static E:\Jorge\PROG_PIC_NUEVOS\ARITMETICA\Aritmetica_11\RETARDOS.INC
    R1Decima_BucleInterno   0x000108    program     static E:\Jorge\PROG_PIC_NUEVOS\ARITMETICA\Aritmetica_11\RETARDOS.INC
           LCD_Inicializa   0x000110    program     static E:\Jorge\PROG_PIC_NUEVOS\ARITMETICA\Aritmetica_11\LCD_4BIT.INC
           LCD_EscribeLCD   0x000128    program     static E:\Jorge\PROG_PIC_NUEVOS\ARITMETICA\Aritmetica_11\LCD_4BIT.INC
           LCD_CursorIncr   0x00013c    program     static E:\Jorge\PROG_PIC_NUEVOS\ARITMETICA\Aritmetica_11\LCD_4BIT.INC
               LCD_Linea1   0x00013e    program     static E:\Jorge\PROG_PIC_NUEVOS\ARITMETICA\Aritmetica_11\LCD_4BIT.INC
               LCD_Linea2   0x000140    program     static E:\Jorge\PROG_PIC_NUEVOS\ARITMETICA\Aritmetica_11\LCD_4BIT.INC
       LCD_PosicionLinea1   0x000142    program     static E:\Jorge\PROG_PIC_NUEVOS\ARITMETICA\Aritmetica_11\LCD_4BIT.INC
       LCD_PosicionLinea2   0x000144    program     static E:\Jorge\PROG_PIC_NUEVOS\ARITMETICA\Aritmetica_11\LCD_4BIT.INC
                  LCD_OFF   0x000146    program     static E:\Jorge\PROG_PIC_NUEVOS\ARITMETICA\Aritmetica_11\LCD_4BIT.INC
             LCD_CursorON   0x000148    program     static E:\Jorge\PROG_PIC_NUEVOS\ARITMETICA\Aritmetica_11\LCD_4BIT.INC
            LCD_CursorOFF   0x00014a    program     static E:\Jorge\PROG_PIC_NUEVOS\ARITMETICA\Aritmetica_11\LCD_4BIT.INC
                LCD_Borra   0x00014c    program     static E:\Jorge\PROG_PIC_NUEVOS\ARITMETICA\Aritmetica_11\LCD_4BIT.INC
      LCD_2Lineas4Bits5x7   0x00014e    program     static E:\Jorge\PROG_PIC_NUEVOS\ARITMETICA\Aritmetica_11\LCD_4BIT.INC
         LCD_EnviaComando   0x00014f    program     static E:\Jorge\PROG_PIC_NUEVOS\ARITMETICA\Aritmetica_11\LCD_4BIT.INC
             LCD_Caracter   0x000151    program     static E:\Jorge\PROG_PIC_NUEVOS\ARITMETICA\Aritmetica_11\LCD_4BIT.INC
                LCD_Envia   0x000153    program     static E:\Jorge\PROG_PIC_NUEVOS\ARITMETICA\Aritmetica_11\LCD_4BIT.INC
          LCD_CodigoCGROM   0x00015b    program     static E:\Jorge\PROG_PIC_NUEVOS\ARITMETICA\Aritmetica_11\LCD_4BIT.INC
        LCD_EnheMinuscula   0x00015c    program     static E:\Jorge\PROG_PIC_NUEVOS\ARITMETICA\Aritmetica_11\LCD_4BIT.INC
        LCD_EnheMayuscula   0x000162    program     static E:\Jorge\PROG_PIC_NUEVOS\ARITMETICA\Aritmetica_11\LCD_4BIT.INC
                LCD_Grado   0x000169    program     static E:\Jorge\PROG_PIC_NUEVOS\ARITMETICA\Aritmetica_11\LCD_4BIT.INC
             LCD_FinCGROM   0x00016f    program     static E:\Jorge\PROG_PIC_NUEVOS\ARITMETICA\Aritmetica_11\LCD_4BIT.INC
        LCD_LineaEnBlanco   0x000171    program     static E:\Jorge\PROG_PIC_NUEVOS\ARITMETICA\Aritmetica_11\LCD_4BIT.INC
      LCD_UnEspacioBlanco   0x000173    program     static E:\Jorge\PROG_PIC_NUEVOS\ARITMETICA\Aritmetica_11\LCD_4BIT.INC
   LCD_DosEspaciosBlancos   0x000175    program     static E:\Jorge\PROG_PIC_NUEVOS\ARITMETICA\Aritmetica_11\LCD_4BIT.INC
  LCD_TresEspaciosBlancos   0x000177    program     static E:\Jorge\PROG_PIC_NUEVOS\ARITMETICA\Aritmetica_11\LCD_4BIT.INC
         LCD_EnviaBlancos   0x000178    program     static E:\Jorge\PROG_PIC_NUEVOS\ARITMETICA\Aritmetica_11\LCD_4BIT.INC
      LCD_EnviaOtroBlanco   0x000179    program     static E:\Jorge\PROG_PIC_NUEVOS\ARITMETICA\Aritmetica_11\LCD_4BIT.INC
                 LCD_Byte   0x00017e    program     static E:\Jorge\PROG_PIC_NUEVOS\ARITMETICA\Aritmetica_11\LCD_4BIT.INC
         LCD_ByteCompleto   0x000185    program     static E:\Jorge\PROG_PIC_NUEVOS\ARITMETICA\Aritmetica_11\LCD_4BIT.INC
        LCD_VisualizaAlto   0x000186    program     static E:\Jorge\PROG_PIC_NUEVOS\ARITMETICA\Aritmetica_11\LCD_4BIT.INC
        LCD_VisualizaBajo   0x000188    program     static E:\Jorge\PROG_PIC_NUEVOS\ARITMETICA\Aritmetica_11\LCD_4BIT.INC
               LCD_Nibble   0x000189    program     static E:\Jorge\PROG_PIC_NUEVOS\ARITMETICA\Aritmetica_11\LCD_4BIT.INC
       LCD_EnviaByteLetra   0x000191    program     static E:\Jorge\PROG_PIC_NUEVOS\ARITMETICA\Aritmetica_11\LCD_4BIT.INC
   LCD_FinVisualizaDigito   0x000193    program     static E:\Jorge\PROG_PIC_NUEVOS\ARITMETICA\Aritmetica_11\LCD_4BIT.INC
              LCD_Mensaje   0x000194    program     static E:\Jorge\PROG_PIC_NUEVOS\ARITMETICA\Aritmetica_11\LCD_MENS.INC
LCD_VisualizaOtroCaracter   0x000198    program     static E:\Jorge\PROG_PIC_NUEVOS\ARITMETICA\Aritmetica_11\LCD_MENS.INC
     LCD_NoUltimoCaracter   0x00019e    program     static E:\Jorge\PROG_PIC_NUEVOS\ARITMETICA\Aritmetica_11\LCD_MENS.INC
           LCD_FinMensaje   0x0001a1    program     static E:\Jorge\PROG_PIC_NUEVOS\ARITMETICA\Aritmetica_11\LCD_MENS.INC
    LCD_MensajeMovimiento   0x0001a2    program     static E:\Jorge\PROG_PIC_NUEVOS\ARITMETICA\Aritmetica_11\LCD_MENS.INC
      LCD_PrimeraPosicion   0x0001a6    program     static E:\Jorge\PROG_PIC_NUEVOS\ARITMETICA\Aritmetica_11\LCD_MENS.INC
    LCD_VisualizaCaracter   0x0001a8    program     static E:\Jorge\PROG_PIC_NUEVOS\ARITMETICA\Aritmetica_11\LCD_MENS.INC
         LCD_EsFinalLinea   0x0001ac    program     static E:\Jorge\PROG_PIC_NUEVOS\ARITMETICA\Aritmetica_11\LCD_MENS.INC
       LCD_NoEsFinalLinea   0x0001b1    program     static E:\Jorge\PROG_PIC_NUEVOS\ARITMETICA\Aritmetica_11\LCD_MENS.INC
    LCD_NoUltimoCaracter2   0x0001b7    program     static E:\Jorge\PROG_PIC_NUEVOS\ARITMETICA\Aritmetica_11\LCD_MENS.INC
        LCD_FinMovimiento   0x0001bb    program     static E:\Jorge\PROG_PIC_NUEVOS\ARITMETICA\Aritmetica_11\LCD_MENS.INC


