MPLINK 4.33, Linker
Linker Map File - Created Fri Oct 30 10:28:15 2009

                                 Section Info
                  Section       Type    Address   Location Size(Bytes)
                ---------  ---------  ---------  ---------  ---------
                   .org_0       code   0x000000    program   0x000000
                   .org_1       code   0x000000    program   0x000002
                   .org_2       code   0x000005    program   0x00005c



                              Program Memory Usage 
                               Start         End      
                           ---------   ---------      
                            0x000000    0x000000      
                            0x000005    0x000032      
            47 out of 1093 program addresses used, program memory utilization is 4%



                              Symbols - Sorted by Name
                     Name    Address   Location    Storage File                     
                ---------  ---------  ---------  --------- ---------                
                     CERO   0x00002a    program     static E:\Jorge\PROG_PIC_NUEVOS\USANDO_DISPLAY\DISP_SIN_DECO\DISP_SIN_DECO.ASM
                    DISP_   0x00000d    program     static E:\Jorge\PROG_PIC_NUEVOS\USANDO_DISPLAY\DISP_SIN_DECO\DISP_SIN_DECO.ASM
                      DOS   0x000026    program     static E:\Jorge\PROG_PIC_NUEVOS\USANDO_DISPLAY\DISP_SIN_DECO\DISP_SIN_DECO.ASM
                   INICIO   0x000005    program     static E:\Jorge\PROG_PIC_NUEVOS\USANDO_DISPLAY\DISP_SIN_DECO\DISP_SIN_DECO.ASM
                    REINI   0x000008    program     static E:\Jorge\PROG_PIC_NUEVOS\USANDO_DISPLAY\DISP_SIN_DECO\DISP_SIN_DECO.ASM
                  RETARDO   0x000022    program     static E:\Jorge\PROG_PIC_NUEVOS\USANDO_DISPLAY\DISP_SIN_DECO\DISP_SIN_DECO.ASM
                    TABLA   0x000017    program     static E:\Jorge\PROG_PIC_NUEVOS\USANDO_DISPLAY\DISP_SIN_DECO\DISP_SIN_DECO.ASM
                     TRES   0x000024    program     static E:\Jorge\PROG_PIC_NUEVOS\USANDO_DISPLAY\DISP_SIN_DECO\DISP_SIN_DECO.ASM
                      UNO   0x000028    program     static E:\Jorge\PROG_PIC_NUEVOS\USANDO_DISPLAY\DISP_SIN_DECO\DISP_SIN_DECO.ASM



                              Symbols - Sorted by Address
                     Name    Address   Location    Storage File                     
                ---------  ---------  ---------  --------- ---------                
                   INICIO   0x000005    program     static E:\Jorge\PROG_PIC_NUEVOS\USANDO_DISPLAY\DISP_SIN_DECO\DISP_SIN_DECO.ASM
                    REINI   0x000008    program     static E:\Jorge\PROG_PIC_NUEVOS\USANDO_DISPLAY\DISP_SIN_DECO\DISP_SIN_DECO.ASM
                    DISP_   0x00000d    program     static E:\Jorge\PROG_PIC_NUEVOS\USANDO_DISPLAY\DISP_SIN_DECO\DISP_SIN_DECO.ASM
                    TABLA   0x000017    program     static E:\Jorge\PROG_PIC_NUEVOS\USANDO_DISPLAY\DISP_SIN_DECO\DISP_SIN_DECO.ASM
                  RETARDO   0x000022    program     static E:\Jorge\PROG_PIC_NUEVOS\USANDO_DISPLAY\DISP_SIN_DECO\DISP_SIN_DECO.ASM
                     TRES   0x000024    program     static E:\Jorge\PROG_PIC_NUEVOS\USANDO_DISPLAY\DISP_SIN_DECO\DISP_SIN_DECO.ASM
                      DOS   0x000026    program     static E:\Jorge\PROG_PIC_NUEVOS\USANDO_DISPLAY\DISP_SIN_DECO\DISP_SIN_DECO.ASM
                      UNO   0x000028    program     static E:\Jorge\PROG_PIC_NUEVOS\USANDO_DISPLAY\DISP_SIN_DECO\DISP_SIN_DECO.ASM
                     CERO   0x00002a    program     static E:\Jorge\PROG_PIC_NUEVOS\USANDO_DISPLAY\DISP_SIN_DECO\DISP_SIN_DECO.ASM


