MPLINK 4.33, Linker
Linker Map File - Created Fri Dec 18 19:44:08 2009

                                 Section Info
                  Section       Type    Address   Location Size(Bytes)
                ---------  ---------  ---------  ---------  ---------
                   .org_0       code   0x000000    program   0x000000
                   .org_1       code   0x000000    program   0x000002
                   .org_2       code   0x000004    program   0x00002a



                              Program Memory Usage 
                               Start         End      
                           ---------   ---------      
                            0x000000    0x000000      
                            0x000004    0x000018      
            22 out of 1093 program addresses used, program memory utilization is 2%



                              Symbols - Sorted by Name
                     Name    Address   Location    Storage File                     
                ---------  ---------  ---------  --------- ---------                
                   INICIO   0x00000c    program     static E:\Jorge\PROG_PIC_NUEVOS\INTERRUPCIONES\TIMER_0\INT_TIMER_0.ASM
                      LED   0x000009    program     static E:\Jorge\PROG_PIC_NUEVOS\INTERRUPCIONES\TIMER_0\INT_TIMER_0.ASM
                     NADA   0x000016    program     static E:\Jorge\PROG_PIC_NUEVOS\INTERRUPCIONES\TIMER_0\INT_TIMER_0.ASM
                   TIEMPO   0x000014    program     static E:\Jorge\PROG_PIC_NUEVOS\INTERRUPCIONES\TIMER_0\INT_TIMER_0.ASM



                              Symbols - Sorted by Address
                     Name    Address   Location    Storage File                     
                ---------  ---------  ---------  --------- ---------                
                      LED   0x000009    program     static E:\Jorge\PROG_PIC_NUEVOS\INTERRUPCIONES\TIMER_0\INT_TIMER_0.ASM
                   INICIO   0x00000c    program     static E:\Jorge\PROG_PIC_NUEVOS\INTERRUPCIONES\TIMER_0\INT_TIMER_0.ASM
                   TIEMPO   0x000014    program     static E:\Jorge\PROG_PIC_NUEVOS\INTERRUPCIONES\TIMER_0\INT_TIMER_0.ASM
                     NADA   0x000016    program     static E:\Jorge\PROG_PIC_NUEVOS\INTERRUPCIONES\TIMER_0\INT_TIMER_0.ASM


