MPLINK 4.33, Linker
Linker Map File - Created Fri Dec 18 19:40:13 2009

                                 Section Info
                  Section       Type    Address   Location Size(Bytes)
                ---------  ---------  ---------  ---------  ---------
                   .org_0       code   0x000000    program   0x000000
                   .org_1       code   0x000000    program   0x000002
                   .org_2       code   0x000004    program   0x000036



                              Program Memory Usage 
                               Start         End      
                           ---------   ---------      
                            0x000000    0x000000      
                            0x000004    0x00001e      
            28 out of 1093 program addresses used, program memory utilization is 2%



                              Symbols - Sorted by Name
                     Name    Address   Location    Storage File                     
                ---------  ---------  ---------  --------- ---------                
                   INICIO   0x000011    program     static E:\Jorge\PROG_PIC_NUEVOS\INTERRUPCIONES\TIMER_0\INT_TIMER_0_COPY.ASM
                      LED   0x00000e    program     static E:\Jorge\PROG_PIC_NUEVOS\INTERRUPCIONES\TIMER_0\INT_TIMER_0_COPY.ASM
                     NADA   0x00001c    program     static E:\Jorge\PROG_PIC_NUEVOS\INTERRUPCIONES\TIMER_0\INT_TIMER_0_COPY.ASM
                 REGRESAR   0x00000c    program     static E:\Jorge\PROG_PIC_NUEVOS\INTERRUPCIONES\TIMER_0\INT_TIMER_0_COPY.ASM
                   TIEMPO   0x00001a    program     static E:\Jorge\PROG_PIC_NUEVOS\INTERRUPCIONES\TIMER_0\INT_TIMER_0_COPY.ASM



                              Symbols - Sorted by Address
                     Name    Address   Location    Storage File                     
                ---------  ---------  ---------  --------- ---------                
                 REGRESAR   0x00000c    program     static E:\Jorge\PROG_PIC_NUEVOS\INTERRUPCIONES\TIMER_0\INT_TIMER_0_COPY.ASM
                      LED   0x00000e    program     static E:\Jorge\PROG_PIC_NUEVOS\INTERRUPCIONES\TIMER_0\INT_TIMER_0_COPY.ASM
                   INICIO   0x000011    program     static E:\Jorge\PROG_PIC_NUEVOS\INTERRUPCIONES\TIMER_0\INT_TIMER_0_COPY.ASM
                   TIEMPO   0x00001a    program     static E:\Jorge\PROG_PIC_NUEVOS\INTERRUPCIONES\TIMER_0\INT_TIMER_0_COPY.ASM
                     NADA   0x00001c    program     static E:\Jorge\PROG_PIC_NUEVOS\INTERRUPCIONES\TIMER_0\INT_TIMER_0_COPY.ASM


