MPLINK 4.33, Linker
Linker Map File - Created Thu Nov 05 08:56:17 2009

                                 Section Info
                  Section       Type    Address   Location Size(Bytes)
                ---------  ---------  ---------  ---------  ---------
                   .org_0       code   0x000000    program   0x000000
                   .org_1       code   0x000000    program   0x000002
                   .org_2       code   0x000005    program   0x0000be



                              Program Memory Usage 
                               Start         End      
                           ---------   ---------      
                            0x000000    0x000000      
                            0x000005    0x000063      
            96 out of 1093 program addresses used, program memory utilization is 8%



                              Symbols - Sorted by Name
                     Name    Address   Location    Storage File                     
                ---------  ---------  ---------  --------- ---------                
             BORRA_Y_HOME   0x000034    program     static E:\Jorge\PROG_PIC_NUEVOS\LCD\LCD_CXX.ASM
                    BUCLE   0x000051    program     static E:\Jorge\PROG_PIC_NUEVOS\LCD\TIPICO2.ASM
                    DATOS   0x00005e    program     static E:\Jorge\PROG_PIC_NUEVOS\LCD\TIPICO2.ASM
       DISPLAY_ON_CUR_OFF   0x000037    program     static E:\Jorge\PROG_PIC_NUEVOS\LCD\LCD_CXX.ASM
                   INICIO   0x000043    program     static E:\Jorge\PROG_PIC_NUEVOS\LCD\TIPICO2.ASM
                 INICIO_1   0x000049    program     static E:\Jorge\PROG_PIC_NUEVOS\LCD\TIPICO2.ASM
                 LCD_BUSY   0x00000c    program     static E:\Jorge\PROG_PIC_NUEVOS\LCD\LCD_CXX.ASM
                 LCD_DATO   0x00001f    program     static E:\Jorge\PROG_PIC_NUEVOS\LCD\LCD_CXX.ASM
                LCD_DELAY   0x00003a    program     static E:\Jorge\PROG_PIC_NUEVOS\LCD\LCD_CXX.ASM
              LCD_DELAY_1   0x00003e    program     static E:\Jorge\PROG_PIC_NUEVOS\LCD\LCD_CXX.ASM
                    LCD_E   0x00001b    program     static E:\Jorge\PROG_PIC_NUEVOS\LCD\LCD_CXX.ASM
                  LCD_INI   0x00002a    program     static E:\Jorge\PROG_PIC_NUEVOS\LCD\LCD_CXX.ASM
                  LCD_REG   0x000025    program     static E:\Jorge\PROG_PIC_NUEVOS\LCD\LCD_CXX.ASM
                   L_BUSY   0x000013    program     static E:\Jorge\PROG_PIC_NUEVOS\LCD\LCD_CXX.ASM
                     MENS   0x000052    program     static E:\Jorge\PROG_PIC_NUEVOS\LCD\TIPICO2.ASM
                   MENS_1   0x000053    program     static E:\Jorge\PROG_PIC_NUEVOS\LCD\TIPICO2.ASM
                   UP_LCD   0x000005    program     static E:\Jorge\PROG_PIC_NUEVOS\LCD\LCD_CXX.ASM



                              Symbols - Sorted by Address
                     Name    Address   Location    Storage File                     
                ---------  ---------  ---------  --------- ---------                
                   UP_LCD   0x000005    program     static E:\Jorge\PROG_PIC_NUEVOS\LCD\LCD_CXX.ASM
                 LCD_BUSY   0x00000c    program     static E:\Jorge\PROG_PIC_NUEVOS\LCD\LCD_CXX.ASM
                   L_BUSY   0x000013    program     static E:\Jorge\PROG_PIC_NUEVOS\LCD\LCD_CXX.ASM
                    LCD_E   0x00001b    program     static E:\Jorge\PROG_PIC_NUEVOS\LCD\LCD_CXX.ASM
                 LCD_DATO   0x00001f    program     static E:\Jorge\PROG_PIC_NUEVOS\LCD\LCD_CXX.ASM
                  LCD_REG   0x000025    program     static E:\Jorge\PROG_PIC_NUEVOS\LCD\LCD_CXX.ASM
                  LCD_INI   0x00002a    program     static E:\Jorge\PROG_PIC_NUEVOS\LCD\LCD_CXX.ASM
             BORRA_Y_HOME   0x000034    program     static E:\Jorge\PROG_PIC_NUEVOS\LCD\LCD_CXX.ASM
       DISPLAY_ON_CUR_OFF   0x000037    program     static E:\Jorge\PROG_PIC_NUEVOS\LCD\LCD_CXX.ASM
                LCD_DELAY   0x00003a    program     static E:\Jorge\PROG_PIC_NUEVOS\LCD\LCD_CXX.ASM
              LCD_DELAY_1   0x00003e    program     static E:\Jorge\PROG_PIC_NUEVOS\LCD\LCD_CXX.ASM
                   INICIO   0x000043    program     static E:\Jorge\PROG_PIC_NUEVOS\LCD\TIPICO2.ASM
                 INICIO_1   0x000049    program     static E:\Jorge\PROG_PIC_NUEVOS\LCD\TIPICO2.ASM
                    BUCLE   0x000051    program     static E:\Jorge\PROG_PIC_NUEVOS\LCD\TIPICO2.ASM
                     MENS   0x000052    program     static E:\Jorge\PROG_PIC_NUEVOS\LCD\TIPICO2.ASM
                   MENS_1   0x000053    program     static E:\Jorge\PROG_PIC_NUEVOS\LCD\TIPICO2.ASM
                    DATOS   0x00005e    program     static E:\Jorge\PROG_PIC_NUEVOS\LCD\TIPICO2.ASM


